******************************************************************************
                  TI ARM Linker PC v5.2.5                      
******************************************************************************
>> Linked Sun Apr 24 18:33:20 2016

OUTPUT FILE NAME:   <httpserver.out>
ENTRY POINT SYMBOL: "_c_int00"  address: 2000dbcd


MEMORY CONFIGURATION

         name            origin    length      used     unused   attr    fill
----------------------  --------  ---------  --------  --------  ----  --------
  SRAM_CODE             20004000   00013000  0000af52  000080ae  RW X
  SRAM_DATA             20017000   00019000  00008dcc  00010234  RW X


SEGMENT ALLOCATION MAP

run origin  load origin   length   init length attrs members
----------  ----------- ---------- ----------- ----- -------
20004000    20004000    0000af58   0000af58    r-x
  20004000    20004000    00000400   00000400    r-- .intvecs
  20004400    20004400    0000a4a2   0000a4a2    r-x .text
  2000e8a4    2000e8a4    000005f0   000005f0    r-- .const
  2000ee98    2000ee98    000000c0   000000c0    r-- .cinit
20017000    20017000    000085cc   00000000    rw-
  20017000    20017000    00008000   00000000    rw- .sysmem
  2001f000    2001f000    000003b0   00000000    rw- .bss
  2001f3b0    2001f3b0    0000021c   00000000    rw- .data
2002f800    2002f800    00000800   00000000    rw-
  2002f800    2002f800    00000800   00000000    rw- .stack


SECTION ALLOCATION MAP

 output                                  attributes/
section   page    origin      length       input sections
--------  ----  ----------  ----------   ----------------
.intvecs   0    20004000    00000400     
                  20004000    00000400     startup_ccs.obj (.intvecs)

.init_array 
*          0    20004000    00000000     UNINITIALIZED

.text      0    20004400    0000a4a2     
                  20004400    0000138c     main.obj (.text)
                  2000578c    0000125c     free_rtos.a : tasks.obj (.text)
                  200069e8    000010a6     rtsv7M4_T_le_eabi.lib : _printfi.obj (.text)
                  20007a8e    00000002     driverlib.a : interrupt.obj (.text:IntDefaultHandler)
                  20007a90    00000b24     free_rtos.a : queue.obj (.text)
                  200085b4    000005ec     simplelink.a : driver.obj (.text:_SlDrvMsgRead)
                  20008ba0    0000045c     free_rtos.a : osi_freertos.obj (.text)
                  20008ffc    000003dc     rtsv7M4_T_le_eabi.lib : memory.obj (.text)
                  200093d8    00000394     gpio_if.obj (.text)
                  2000976c    00000290     i2c_if.obj (.text)
                  200099fc    00000290     uart_if.obj (.text)
                  20009c8c    00000248     simplelink.a : driver.obj (.text:_SlDrvRxHdrRead)
                  20009ed4    000001f4     rtsv7M4_T_le_eabi.lib : ull_div_t2.obj (.text)
                  2000a0c8    000001d0     simplelink.a : driver.obj (.text:_SlDrvReleasePoolObj)
                  2000a298    000001cc                  : driver.obj (.text:_SlDrvMsgWrite)
                  2000a464    000001b6     rtsv7M4_T_le_eabi.lib : fd_add_t2.obj (.text)
                  2000a61a    00000002     --HOLE-- [fill = 0]
                  2000a61c    00000190     simplelink.a : driver.obj (.text:_SlDrvWaitForPoolObj)
                  2000a7ac    00000174                  : driver.obj (.text:_SlDrvDriverCBInit)
                  2000a920    00000170                  : driver.obj (.text:_SlFindAndSetActiveObj)
                  2000aa90    00000150                  : cc_pal.obj (.text:spi_Open)
                  2000abe0    00000136     rtsv7M4_T_le_eabi.lib : fd_div_t2.obj (.text)
                  2000ad16    00000002     --HOLE-- [fill = 0]
                  2000ad18    00000134     driverlib.a : prcm.obj (.text:PRCMCC3200MCUInit)
                  2000ae4c    0000012a     free_rtos.a : list.obj (.text)
                  2000af76    00000002     --HOLE-- [fill = 0]
                  2000af78    00000110                 : port.obj (.text)
                  2000b088    00000110     rtsv7M4_T_le_eabi.lib : xdscale.obj (.text)
                  2000b198    000000fe     simplelink.a : netapp.obj (.text:_SlDrvNetAppEventHandler)
                  2000b296    000000fc     rtsv7M4_T_le_eabi.lib : fd_mul_t2.obj (.text)
                  2000b392    00000002     --HOLE-- [fill = 0]
                  2000b394    000000f4     simplelink.a : driver.obj (.text:_SlDrvDriverCBDeinit)
                  2000b488    000000f0     driverlib.a : udma.obj (.text:uDMAChannelTransferSet)
                  2000b578    000000e8     smartconfig.obj (.text)
                  2000b660    000000dc     simplelink.a : cc_pal.obj (.text:spi_Read)
                  2000b73c    000000d8                  : driver.obj (.text:_SlDrvClassifyRxMsg)
                  2000b814    000000d4                  : device.obj (.text:sl_Stop)
                  2000b8e8    000000c8                  : netapp.obj (.text:_sl_HandleAsync_DnsGetHostByService)
                  2000b9b0    000000c4                  : driver.obj (.text:_SlRemoveFromList)
                  2000ba74    000000be     rtsv7M4_T_le_eabi.lib : xdnorm.obj (.text)
                  2000bb32    00000002     --HOLE-- [fill = 0]
                  2000bb34    000000bc     simplelink.a : driver.obj (.text:_SlDrvMsgReadCmdCtx)
                  2000bbf0    000000bc                  : device.obj (.text:sl_Start)
                  2000bcac    000000ba     free_rtos.a : portasm.obj (.text)
                  2000bd66    00000002     --HOLE-- [fill = 0]
                  2000bd68    000000b8     simplelink.a : driver.obj (.text:_SlAsyncEventGenericHandler)
                  2000be20    000000b4                  : netapp.obj (.text:sl_NetAppMDNSRegisterUnregisterService)
                  2000bed4    000000a8     driverlib.a : interrupt.obj (.text:IntDisable)
                  2000bf7c    000000a8                 : interrupt.obj (.text:IntEnable)
                  2000c024    000000a0                 : spi.obj (.text:SPIConfigSetExpClk)
                  2000c0c4    0000009c     simplelink.a : driver.obj (.text:_SlDrvMsgReadSpawnCtx)
                  2000c160    0000009c     rtsv7M4_T_le_eabi.lib : memcpy_t2.obj (.text)
                  2000c1fc    0000009c     simplelink.a : device.obj (.text:sl_DevGet)
                  2000c298    00000094     driverlib.a : prcm.obj (.text:PRCMPeripheralClockGet)
                  2000c32c    00000094     simplelink.a : wlan.obj (.text:sl_WlanGet)
                  2000c3c0    00000090                  : wlan.obj (.text:sl_WlanSmartConfigStart)
                  2000c450    0000008c                  : cc_pal.obj (.text:SetupDMAReceive)
                  2000c4dc    0000008c                  : cc_pal.obj (.text:SetupDMASend)
                  2000c568    0000008c                  : netapp.obj (.text:_sl_HandleAsync_DnsGetHostByName)
                  2000c5f4    0000008c                  : netapp.obj (.text:_sl_HandleAsync_PingResponse)
                  2000c680    0000008c                  : cc_pal.obj (.text:spi_Write)
                  2000c70c    00000088     driverlib.a : pin.obj (.text:PinConfigSet)
                  2000c794    00000088     rtsv7M4_T_le_eabi.lib : vsnprintf.obj (.text)
                  2000c81c    00000086                           : fd_cmp_t2.obj (.text:__aeabi_cdcmple)
                  2000c8a2    00000086                           : fd_cmp_t2.obj (.text:__aeabi_cdrcmple)
                  2000c928    00000084     driverlib.a : i2c.obj (.text:I2CMasterInitExpClk)
                  2000c9ac    00000084     simplelink.a : cc_pal.obj (.text:NwpPowerOnPreamble)
                  2000ca30    00000082     driverlib.a : gpio.obj (.text:GPIOIntTypeSet)
                  2000cab2    00000002     --HOLE-- [fill = 0]
                  2000cab4    00000080     simplelink.a : driver.obj (.text:_SlDrvCmdOp)
                  2000cb34    00000080                  : cc_pal.obj (.text:spi_Read_CPU)
                  2000cbb4    00000080                  : cc_pal.obj (.text:spi_Write_CPU)
                  2000cc34    0000007c                  : device.obj (.text:_sl_HandleAsync_InitComplete)
                  2000ccb0    0000007a     rtsv7M4_T_le_eabi.lib : memset_t2.obj (.text)
                  2000cd2a    00000002     --HOLE-- [fill = 0]
                  2000cd2c    00000078     simplelink.a : socket.obj (.text:_sl_HandleAsync_Connect)
                  2000cda4    00000078     acc_iic.obj (.text)
                  2000ce1c    00000078     simplelink.a : cc_pal.obj (.text:spi_Close)
                  2000ce94    00000076     driverlib.a : uart.obj (.text:UARTConfigSetExpClk)
                  2000cf0a    00000002     --HOLE-- [fill = 0]
                  2000cf0c    0000006c     simplelink.a : driver.obj (.text:_SlDrvCmdSend)
                  2000cf78    0000006c     rtsv7M4_T_le_eabi.lib : autoinit.obj (.text)
                  2000cfe4    0000006a     pinmux.obj (.text)
                  2000d04e    0000006a     rtsv7M4_T_le_eabi.lib : copy_decompress_rle.obj (.text)
                  2000d0b8    00000068     simplelink.a : netapp.obj (.text:_sl_NetAppSendTokenValue)
                  2000d120    00000068                  : netcfg.obj (.text:sl_NetCfgSet)
                  2000d188    00000068                  : wlan.obj (.text:sl_WlanSet)
                  2000d1f0    00000066     rtsv7M4_T_le_eabi.lib : xdunscal.obj (.text)
                  2000d256    00000002     --HOLE-- [fill = 0]
                  2000d258    00000064     driverlib.a : udma.obj (.text:uDMAChannelAttributeDisable)
                  2000d2bc    00000064                 : udma.obj (.text:uDMAChannelAttributeEnable)
                  2000d320    00000060     simplelink.a : socket.obj (.text:_sl_HandleAsync_Accept)
                  2000d380    00000060     rtsv7M4_T_le_eabi.lib : sprintf.obj (.text)
                  2000d3e0    00000060     simplelink.a : wlan.obj (.text:sl_WlanPolicySet)
                  2000d440    00000058     driverlib.a : interrupt.obj (.text:IntPendClear)
                  2000d498    00000058                 : prcm.obj (.text:PRCMPeripheralReset)
                  2000d4f0    00000056     rtsv7M4_T_le_eabi.lib : ltoa.obj (.text)
                  2000d546    00000002     --HOLE-- [fill = 0]
                  2000d548    00000054     driverlib.a : interrupt.obj (.text:IntPrioritySet)
                  2000d59c    00000054     simplelink.a : socket.obj (.text:_sl_HandleAsync_Select)
                  2000d5f0    00000054                  : wlan.obj (.text:sl_WlanRxFilterSet)
                  2000d644    00000050                  : device.obj (.text:_sl_HandleAsync_Stop)
                  2000d694    0000004c     driverlib.a : spi.obj (.text:SPIIntEnable)
                  2000d6e0    0000004c     simplelink.a : driver.obj (.text:_SlDrvProtectAsyncRespSetting)
                  2000d72c    0000004c                  : driver.obj (.text:_SlDrvRxIrqHandler)
                  2000d778    0000004c     rtsv7M4_T_le_eabi.lib : atoi.obj (.text)
                  2000d7c4    0000004c                           : cpy_tbl.obj (.text)
                  2000d810    0000004c     driverlib.a : udma.obj (.text:uDMAChannelAssign)
                  2000d85c    00000048                 : spi.obj (.text:SPIIntClear)
                  2000d8a4    00000048     simplelink.a : driver.obj (.text:_SlDrvBasicCmd)
                  2000d8ec    00000048     rtsv7M4_T_le_eabi.lib : fd_toi_t2.obj (.text)
                  2000d934    00000048                           : fd_tos_t2.obj (.text)
                  2000d97c    00000046                           : ldexp.obj (.text)
                  2000d9c2    00000002     --HOLE-- [fill = 0]
                  2000d9c4    00000044     driverlib.a : spi.obj (.text:SPIDmaMaskGet)
                  2000da08    00000044                 : timer.obj (.text:TimerConfigure)
                  2000da4c    00000044     simplelink.a : cc_pal.obj (.text:cc_SetupTransfer)
                  2000da90    00000044     rtsv7M4_T_le_eabi.lib : exit.obj (.text)
                  2000dad4    00000040     driverlib.a : pin.obj (.text:PinModeSet)
                  2000db14    00000040     rtsv7M4_T_le_eabi.lib : signal.obj (.text)
                  2000db54    0000003c     simplelink.a : netapp.obj (.text:CopyPingResultsToReport)
                  2000db90    0000003c     driverlib.a : prcm.obj (.text:PRCMPeripheralClkEnable)
                  2000dbcc    0000003c     rtsv7M4_T_le_eabi.lib : boot.obj (.text)
                  2000dc08    0000003c     driverlib.a : udma.obj (.text:uDMAChannelControlSet)
                  2000dc44    00000038                 : adc.obj (.text:ADCChannelEnable)
                  2000dc7c    00000038     simplelink.a : cc_pal.obj (.text:NwpPowerOff)
                  2000dcb4    00000038     free_rtos.a : heap_3.obj (.text)
                  2000dcec    00000038     rtsv7M4_T_le_eabi.lib : fs_tod_t2.obj (.text)
                  2000dd24    00000036     driverlib.a : gpio.obj (.text:GPIODirModeSet)
                  2000dd5a    00000036                 : timer.obj (.text:TimerControlLevel)
                  2000dd90    00000036     simplelink.a : netapp.obj (.text:sl_NetAppMDNSUnRegisterService)
                  2000ddc6    00000002     --HOLE-- [fill = 0]
                  2000ddc8    00000034     driverlib.a : prcm.obj (.text:PRCMPeripheralStatusGet)
                  2000ddfc    00000034                 : spi.obj (.text:SPIFIFOLevelSet)
                  2000de30    00000034     rtsv7M4_T_le_eabi.lib : feraiseexcept.obj (.text)
                  2000de64    00000030     driverlib.a : pin.obj (.text:PinTypeGPIO)
                  2000de94    00000030                 : uart.obj (.text:UARTDisable)
                  2000dec4    00000030     simplelink.a : device.obj (.text:_SlDrvDeviceEventHandler)
                  2000def4    00000030     rtsv7M4_T_le_eabi.lib : xferaise.obj (.text)
                  2000df24    00000030     simplelink.a : wlan.obj (.text:sl_WlanProfileDel)
                  2000df54    00000030                  : wlan.obj (.text:sl_WlanSetMode)
                  2000df84    0000002e     rtsv7M4_T_le_eabi.lib : i_tofd_t2.obj (.text)
                  2000dfb2    0000002e                           : raise.obj (.text)
                  2000dfe0    0000002c     simplelink.a : cc_pal.obj (.text:DmaSpiSwIntHandler)
                  2000e00c    0000002c     driverlib.a : i2c.obj (.text:I2CMasterErr)
                  2000e038    0000002c     simplelink.a : cc_pal.obj (.text:NwpPowerOn)
                  2000e064    0000002c     driverlib.a : prcm.obj (.text:PRCMSysResetCauseGet)
                  2000e090    0000002a                 : timer.obj (.text:TimerLoadSet)
                  2000e0ba    0000002a                 : timer.obj (.text:TimerMatchSet)
                  2000e0e4    0000002a                 : timer.obj (.text:TimerPrescaleSet)
                  2000e10e    0000002a     rtsv7M4_T_le_eabi.lib : xdclass.obj (.text)
                  2000e138    00000028     driverlib.a : prcm.obj (.text:PRCMPeripheralClkDisable)
                  2000e160    00000028     simplelink.a : netapp.obj (.text:sl_NetAppStart)
                  2000e188    00000028                  : netapp.obj (.text:sl_NetAppStop)
                  2000e1b0    00000026                  : cc_pal.obj (.text:NwpRegisterInterruptHandler)
                  2000e1d6    00000002     --HOLE-- [fill = 0]
                  2000e1d8    00000024     driverlib.a : interrupt.obj (.text:IntUnregister)
                  2000e1fc    00000024                 : uart.obj (.text:UARTEnable)
                  2000e220    00000024     simplelink.a : driver.obj (.text:_SlDrvProtectionObjLockWaitForever)
                  2000e244    00000024     rtsv7M4_T_le_eabi.lib : memmov.obj (.text)
                  2000e268    00000024                           : u_tofs_t2.obj (.text)
                  2000e28c    00000022     driverlib.a : adc.obj (.text:ADCTimerConfig)
                  2000e2ae    00000022                 : i2c.obj (.text:I2CMasterSlaveAddrSet)
                  2000e2d0    00000022                 : spi.obj (.text:SPIReset)
                  2000e2f2    00000022                 : spi.obj (.text:SPIWordCountSet)
                  2000e314    00000022     rtsv7M4_T_le_eabi.lib : frexp.obj (.text)
                  2000e336    00000022                           : memcmp.obj (.text)
                  2000e358    00000020     driverlib.a : gpio.obj (.text:GPIOPinWrite)
                  2000e378    00000020                 : interrupt.obj (.text:IntRegister)
                  2000e398    00000020     simplelink.a : driver.obj (.text:_SlDrvProtectionObjUnLock)
                  2000e3b8    0000001e     driverlib.a : i2c.obj (.text:I2CMasterIntStatusEx)
                  2000e3d6    0000001e                 : timer.obj (.text:TimerEnable)
                  2000e3f4    0000001e                 : uart.obj (.text:UARTCharPut)
                  2000e412    0000001e     simplelink.a : cc_pal.obj (.text:cc_UDMAChannelSelect)
                  2000e430    0000001c     driverlib.a : adc.obj (.text:ADCFIFOLvlGet)
                  2000e44c    0000001c                 : pin.obj (.text:PinTypeI2C)
                  2000e468    0000001c                 : uart.obj (.text:UARTCharGetNonBlocking)
                  2000e484    0000001c     simplelink.a : driver.obj (.text:_SlDrvObjLockWaitForever)
                  2000e4a0    0000001c                  : driver.obj (.text:_SlDrvSyncObjWaitForever)
                  2000e4bc    0000001c     rtsv7M4_T_le_eabi.lib : memccpy.obj (.text)
                  2000e4d8    0000001c     driverlib.a : udma.obj (.text:uDMAChannelEnable)
                  2000e4f4    0000001a                 : gpio.obj (.text:GPIOIntEnable)
                  2000e50e    0000001a                 : pin.obj (.text:PinTypeTimer)
                  2000e528    0000001a                 : pin.obj (.text:PinTypeUART)
                  2000e542    0000001a                 : spi.obj (.text:SPIDmaDisable)
                  2000e55c    0000001a                 : spi.obj (.text:SPIDmaEnable)
                  2000e576    0000001a                 : spi.obj (.text:SPIFIFODisable)
                  2000e590    0000001a                 : spi.obj (.text:SPIFIFOEnable)
                  2000e5aa    00000018                 : adc.obj (.text:ADCFIFORead)
                  2000e5c2    00000018                 : gpio.obj (.text:GPIOPinRead)
                  2000e5da    00000018                 : spi.obj (.text:SPICSDisable)
                  2000e5f2    00000018                 : spi.obj (.text:SPICSEnable)
                  2000e60a    00000018                 : spi.obj (.text:SPIDisable)
                  2000e622    00000018                 : spi.obj (.text:SPIEnable)
                  2000e63a    00000018                 : uart.obj (.text:UARTCharsAvail)
                  2000e652    00000018     simplelink.a : driver.obj (.text:_SlDrvObjUnLock)
                  2000e66a    00000018                  : driver.obj (.text:_SlDrvSyncObjSignal)
                  2000e682    00000002     --HOLE-- [fill = 0]
                  2000e684    00000018                  : device.obj (.text:_sl_GetStartResponseConvert)
                  2000e69c    00000018     rtsv7M4_T_le_eabi.lib : args_main.obj (.text)
                  2000e6b4    00000016     driverlib.a : adc.obj (.text:ADCTimerEnable)
                  2000e6ca    00000016                 : i2c.obj (.text:I2CMasterDataPut)
                  2000e6e0    00000016                 : i2c.obj (.text:I2CMasterEnable)
                  2000e6f6    00000016                 : prcm.obj (.text:PRCMHIBRegRead)
                  2000e70c    00000016                 : prcm.obj (.text:PRCMHIBRegWrite)
                  2000e722    00000016     simplelink.a : driver.obj (.text:_SlDrvMemZero)
                  2000e738    00000016     rtsv7M4_T_le_eabi.lib : strchr.obj (.text)
                  2000e74e    00000014     driverlib.a : adc.obj (.text:ADCEnable)
                  2000e762    00000014                 : cpu.obj (.text:CPUcpsie)
                  2000e776    00000014                 : gpio.obj (.text:GPIOIntClear)
                  2000e78a    00000002     --HOLE-- [fill = 0]
                  2000e78c    00000014                 : interrupt.obj (.text:IntVTableBaseSet)
                  2000e7a0    00000014                 : pin.obj (.text:PinTypeADC)
                  2000e7b4    00000014     rtsv7M4_T_le_eabi.lib : _lock.obj (.text)
                  2000e7c8    00000014                           : strlen.obj (.text)
                  2000e7dc    00000012     driverlib.a : i2c.obj (.text:I2CMasterControl)
                  2000e7ee    00000012                 : i2c.obj (.text:I2CMasterIntClearEx)
                  2000e800    00000012                 : i2c.obj (.text:I2CMasterTimeoutSet)
                  2000e812    0000000e                 : i2c.obj (.text:I2CMasterDataGet)
                  2000e820    0000000e     simplelink.a : driver.obj (.text:_SlDrvResetCmdExt)
                  2000e82e    0000000e     rtsv7M4_T_le_eabi.lib : copy_decompress_none.obj (.text:decompress:none)
                  2000e83c    0000000e     startup_ccs.obj (.text)
                  2000e84a    00000002     --HOLE-- [fill = 0]
                  2000e84c    0000000c     simplelink.a : cc_pal.obj (.text:NwpMaskInterrupt)
                  2000e858    0000000c                  : cc_pal.obj (.text:NwpUnMaskInterrupt)
                  2000e864    0000000c     rtsv7M4_T_le_eabi.lib : copy_zero_init.obj (.text:decompress:ZI)
                  2000e870    0000000c     simplelink.a : wlan.obj (.text:sl_WlanDisconnect)
                  2000e87c    0000000c                  : wlan.obj (.text:sl_WlanSmartConfigStop)
                  2000e888    0000000a     driverlib.a : interrupt.obj (.text:IntMasterEnable)
                  2000e892    00000006                 : utils.obj (.text:UtilsDelay)
                  2000e898    00000006     rtsv7M4_T_le_eabi.lib : copy_decompress_rle.obj (.text:decompress:rle24)
                  2000e89e    00000004                           : pre_init.obj (.text)

.const     0    2000e8a4    000005f0     
                  2000e8a4    00000101     rtsv7M4_T_le_eabi.lib : ctype.obj (.const:.string:_ctypes_)
                  2000e9a5    00000003     --HOLE-- [fill = 0]
                  2000e9a8    00000100     driverlib.a : pin.obj (.const:g_ulPinToPadMap)
                  2000eaa8    000000d4                 : interrupt.obj (.const:g_pulRegs)
                  2000eb7c    000000a8                 : prcm.obj (.const:PRCM_PeriphRegsList)
                  2000ec24    00000080                 : interrupt.obj (.const)
                  2000eca4    0000003c     simplelink.a : driver.obj (.const:OpcodeTranslateTable)
                  2000ece0    0000003c                  : wlan.obj (.const)
                  2000ed1c    00000038                  : driver.obj (.const:_SlActionLookupTable)
                  2000ed54    00000034                  : driver.obj (.const)
                  2000ed88    0000002c     main.obj (.const:$P$T1$2)
                  2000edb4    00000028     simplelink.a : netapp.obj (.const)
                  2000eddc    00000023     smartconfig.obj (.const:.string)
                  2000edff    00000022     main.obj (.const:.string:$P$T0$1)
                  2000ee21    00000020     main.obj (.const:.string)
                  2000ee41    00000003     --HOLE-- [fill = 0]
                  2000ee44    00000018     driverlib.a : spi.obj (.const)
                  2000ee5c    00000014     main.obj (.const)
                  2000ee70    00000014     simplelink.a : device.obj (.const)
                  2000ee84    00000008                  : device.obj (.const:.string)
                  2000ee8c    00000008                  : netcfg.obj (.const)

.cinit     0    2000ee98    000000c0     
                  2000ee98    0000009c     (.cinit..data.load) [load image, compression = rle]
                  2000ef34    0000000c     (__TI_handler_table)
                  2000ef40    00000008     (.cinit..bss.load) [load image, compression = zero_init]
                  2000ef48    00000010     (__TI_cinit_table)

.sysmem    0    20017000    00008000     UNINITIALIZED
                  20017000    00000008     rtsv7M4_T_le_eabi.lib : memory.obj (.sysmem)
                  20017008    00007ff8     --HOLE--

.bss       0    2001f000    000003b0     UNINITIALIZED
                  2001f000    00000178     simplelink.a : driver.obj (.bss:g_StatMem)
                  2001f178    000000c8     free_rtos.a : tasks.obj (.bss:pxReadyTasksLists)
                  2001f240    00000050     simplelink.a : cc_pal.obj (.bss:g_ucDinDout)
                  2001f290    00000050     free_rtos.a : queue.obj (.bss:xQueueRegistry)
                  2001f2e0    00000024     main.obj (.bss:g_ucConnectionSSID)
                  2001f304    00000024     main.obj (.bss:g_ucSSID)
                  2001f328    00000014     (.common:xDelayedTaskList1)
                  2001f33c    00000014     (.common:xDelayedTaskList2)
                  2001f350    00000014     (.common:xPendingReadyList)
                  2001f364    00000014     (.common:xSuspendedTaskList)
                  2001f378    00000014     (.common:xTasksWaitingTermination)
                  2001f38c    00000008     (.common:g_ucConnectionBSSID)
                  2001f394    00000004     (.common:DMAMsgQ)
                  2001f398    00000004     (.common:__Errorlog)
                  2001f39c    00000004     (.common:acc_data)
                  2001f3a0    00000004     (.common:g_cDummy)
                  2001f3a4    00000004     (.common:pxDelayedTaskList)
                  2001f3a8    00000004     (.common:pxOverflowDelayedTaskList)
                  2001f3ac    00000001     (.common:RxIrqCnt)
                  2001f3ad    00000001     (.common:g_ucLED1Pin)
                  2001f3ae    00000001     (.common:g_ucLED2Pin)
                  2001f3af    00000001     (.common:g_ucLED3Pin)

.TI.noinit 
*          0    2001f000    00000000     UNINITIALIZED

.data      0    2001f3b0    0000021c     UNINITIALIZED
                  2001f3b0    000000b0     rtsv7M4_T_le_eabi.lib : signal.obj (.data:sigtable)
                  2001f460    00000080                           : xvalues.obj (.data)
                  2001f4e0    00000041     main.obj (.data)
                  2001f521    00000003     --HOLE--
                  2001f524    00000034     free_rtos.a : tasks.obj (.data)
                  2001f558    00000020     gpio_if.obj (.data)
                  2001f578    0000000c     free_rtos.a : osi_freertos.obj (.data)
                  2001f584    0000000c     rtsv7M4_T_le_eabi.lib : memory.obj (.data)
                  2001f590    00000009     simplelink.a : cc_pal.obj (.data)
                  2001f599    00000003     --HOLE--
                  2001f59c    00000009                  : driver.obj (.data)
                  2001f5a5    00000003     --HOLE--
                  2001f5a8    00000008     rtsv7M4_T_le_eabi.lib : _lock.obj (.data)
                  2001f5b0    00000008                           : exit.obj (.data)
                  2001f5b8    00000008                           : feraiseexcept.obj (.data)
                  2001f5c0    00000004     free_rtos.a : port.obj (.data)
                  2001f5c4    00000004     rtsv7M4_T_le_eabi.lib : errno.obj (.data)
                  2001f5c8    00000004                           : stkdepth_vars.obj (.data)

.TI.persistent 
*          0    2001f3b0    00000000     UNINITIALIZED

.stack     0    2002f800    00000800     UNINITIALIZED
                  2002f800    00000800     --HOLE--


LINKER GENERATED COPY TABLES

__TI_cinit_table @ 2000ef48 records: 2, size/record: 8, table size: 16
	.data: load addr=2000ee98, load size=0000009c bytes, run addr=2001f3b0, run size=0000021c bytes, compression=rle
	.bss: load addr=2000ef40, load size=00000008 bytes, run addr=2001f000, run size=000003b0 bytes, compression=zero_init


LINKER GENERATED HANDLER TABLE

__TI_handler_table @ 2000ef34 records: 3, size/record: 4, table size: 12
	index: 0, handler: __TI_decompress_rle24
	index: 1, handler: __TI_decompress_none
	index: 2, handler: __TI_zero_init


GLOBAL SYMBOLS: SORTED ALPHABETICALLY BY Name 

address   name                                  
-------   ----                                  
2000dc45  ADCChannelEnable                      
2000e74f  ADCEnable                             
2000e431  ADCFIFOLvlGet                         
2000e5ab  ADCFIFORead                           
2000e28d  ADCTimerConfig                        
2000e6b5  ADCTimerEnable                        
2000da91  C$$EXIT                               
2000e763  CPUcpsie                              
20009a3d  ClearTerm                             
200050ed  ConnectToNetwork                      
2000db55  CopyPingResultsToReport               
2001f394  DMAMsgQ                               
2000dfe1  DmaSpiSwIntHandler                    
20009a47  Error                                 
2001f4f7  GET_token                             
2000dd25  GPIODirModeSet                        
2000e777  GPIOIntClear                          
2000e4f5  GPIOIntEnable                         
2000ca31  GPIOIntTypeSet                        
2000e5c3  GPIOPinRead                           
2000e359  GPIOPinWrite                          
20009699  GPIO_IF_ConfigureNIntEnable           
20009715  GPIO_IF_Get                           
20009653  GPIO_IF_GetPortNPin                   
20009415  GPIO_IF_LedConfigure                  
20009507  GPIO_IF_LedOff                        
20009453  GPIO_IF_LedOn                         
200095bb  GPIO_IF_LedStatus                     
20009625  GPIO_IF_LedToggle                     
200096db  GPIO_IF_Set                           
200044cf  GetADCVoltage                         
20009a7f  GetCmd                                
2000cde9  Get_acc_data                          
2000e7dd  I2CMasterControl                      
2000e813  I2CMasterDataGet                      
2000e6cb  I2CMasterDataPut                      
2000e6e1  I2CMasterEnable                       
2000e00d  I2CMasterErr                          
2000c929  I2CMasterInitExpClk                   
2000e7ef  I2CMasterIntClearEx                   
2000e3b9  I2CMasterIntStatusEx                  
2000e2af  I2CMasterSlaveAddrSet                 
2000e801  I2CMasterTimeoutSet                   
200099e5  I2C_IF_Close                          
2000999d  I2C_IF_Open                           
20009897  I2C_IF_Read                           
20009953  I2C_IF_ReadFrom                       
200097e1  I2C_IF_Write                          
200044a7  InitADCModules                        
20004483  InitPWMModules                        
200099fd  InitTerm                              
2000bed5  IntDisable                            
2000bf7d  IntEnable                             
2000e889  IntMasterEnable                       
2000d441  IntPendClear                          
2000d549  IntPrioritySet                        
2000e379  IntRegister                           
2000e1d9  IntUnregister                         
2000e78d  IntVTableBaseSet                      
20009a1b  Message                               
2000e84d  NwpMaskInterrupt                      
2000dc7d  NwpPowerOff                           
2000e039  NwpPowerOn                            
2000c9ad  NwpPowerOnPreamble                    
2000e1b1  NwpRegisterInterruptHandler           
2000e859  NwpUnMaskInterrupt                    
2000eca4  OpcodeTranslateTable                  
2001f4ec  POST_token                            
2000ad19  PRCMCC3200MCUInit                     
2000e6f7  PRCMHIBRegRead                        
2000e70d  PRCMHIBRegWrite                       
2000e139  PRCMPeripheralClkDisable              
2000db91  PRCMPeripheralClkEnable               
2000c299  PRCMPeripheralClockGet                
2000d499  PRCMPeripheralReset                   
2000ddc9  PRCMPeripheralStatusGet               
2000e065  PRCMSysResetCauseGet                  
2000c70d  PinConfigSet                          
2000dad5  PinModeSet                            
2000cfe5  PinMuxConfig                          
2000e7a1  PinTypeADC                            
2000de65  PinTypeGPIO                           
2000e44d  PinTypeI2C                            
2000e50f  PinTypeTimer                          
2000e529  PinTypeUART                           
2000cda5  ProcessReadRegCommand                 
20009bcd  Report                                
2000e83d  ResetISR                              
2001f3ac  RxIrqCnt                              
2000ed64  RxMsgClassLUT                         
UNDEFED   SHT$$INIT_ARRAY$$Base                 
UNDEFED   SHT$$INIT_ARRAY$$Limit                
2000e5db  SPICSDisable                          
2000e5f3  SPICSEnable                           
2000c025  SPIConfigSetExpClk                    
2000e60b  SPIDisable                            
2000e543  SPIDmaDisable                         
2000e55d  SPIDmaEnable                          
2000e623  SPIEnable                             
2000e577  SPIFIFODisable                        
2000e591  SPIFIFOEnable                         
2000ddfd  SPIFIFOLevelSet                       
2000d85d  SPIIntClear                           
2000d695  SPIIntEnable                          
2000e2d1  SPIReset                              
2000e2f3  SPIWordCountSet                       
20004439  SetupTimerPWMMode                     
200048f1  SimpleLinkHttpServerCallback          
20004709  SimpleLinkNetAppEventHandler          
20004779  SimpleLinkSockEventHandler            
2000453d  SimpleLinkWlanEventHandler            
2000b579  SmartConfigConnect                    
2000b601  SmartConfigStop                       
2000ee84  StartResponseLUT                      
2000da09  TimerConfigure                        
2000dd5b  TimerControlLevel                     
2000e3d7  TimerEnable                           
2000e091  TimerLoadSet                          
2000e0bb  TimerMatchSet                         
2000e0e5  TimerPrescaleSet                      
20009b35  TrimSpace                             
2000e469  UARTCharGetNonBlocking                
2000e3f5  UARTCharPut                           
2000e63b  UARTCharsAvail                        
2000ce95  UARTConfigSetExpClk                   
2000de95  UARTDisable                           
2000e1fd  UARTEnable                            
20004419  UpdateDutyCycle                       
2000e893  UtilsDelay                            
20008e69  VDeleteSimpleLinkSpawnTask            
20008e19  VStartSimpleLinkSpawnTask             
2000e10f  _Dclass                               
2001f460  _Denorm                               
2000ba75  _Dnorm                                
2000b089  _Dscale                               
2000d1f1  _Dunscale                             
2001f470  _Eps                                  
2001f5c4  _Errno                                
2001f5b8  _Fenv                                 
2000def5  _Feraise                              
2001f480  _Hugeval                              
2001f490  _Inf                                  
2001f4a0  _Nan                                  
2001f4c0  _Rteps                                
2000ed1c  _SlActionLookupTable                  
2000bd69  _SlAsyncEventGenericHandler           
2000ee7c  _SlDeviceGetCmdCtrl                   
2000ee80  _SlDeviceSetCmdCtrl                   
2000d8a5  _SlDrvBasicCmd                        
2000b73d  _SlDrvClassifyRxMsg                   
2000cab5  _SlDrvCmdOp                           
2000cf0d  _SlDrvCmdSend                         
2000dec5  _SlDrvDeviceEventHandler              
2000b395  _SlDrvDriverCBDeinit                  
2000a7ad  _SlDrvDriverCBInit                    
2000e723  _SlDrvMemZero                         
200085b5  _SlDrvMsgRead                         
2000bb35  _SlDrvMsgReadCmdCtx                   
2000c0c5  _SlDrvMsgReadSpawnCtx                 
2000a299  _SlDrvMsgWrite                        
2000b199  _SlDrvNetAppEventHandler              
2000e485  _SlDrvObjLockWaitForever              
2000e653  _SlDrvObjUnLock                       
2000d6e1  _SlDrvProtectAsyncRespSetting         
2000e221  _SlDrvProtectionObjLockWaitForever    
2000e399  _SlDrvProtectionObjUnLock             
2000a0c9  _SlDrvReleasePoolObj                  
2000e821  _SlDrvResetCmdExt                     
20009c8d  _SlDrvRxHdrRead                       
2000d72d  _SlDrvRxIrqHandler                    
2000e66b  _SlDrvSyncObjSignal                   
2000e4a1  _SlDrvSyncObjWaitForever              
2000a61d  _SlDrvWaitForPoolObj                  
2000ee78  _SlEventMaskGetCmdCtrl                
2000ee74  _SlEventMaskSetCmdCtrl                
2000a921  _SlFindAndSetActiveObj                
2000edc8  _SlGetHostByNameCtrl                  
2000edc4  _SlGetHostByServiceCtrl               
2000edbc  _SlGetServiceListeCtrl                
2000edd4  _SlNetAppGetCmdCtrl                   
2000edd0  _SlNetAppSendTokenValueCmdCtrl        
2000edcc  _SlNetAppSetCmdCtrl                   
2000edb4  _SlNetAppStartCtrl                    
2000edb8  _SlNetAppStopCtrl                     
2000ee90  _SlNetCfgGetCmdCtrl                   
2000ee8c  _SlNetCfgSetCmdCtrl                   
2000ece4  _SlPolicyGetCmdCtrl                   
2000ece0  _SlPolicySetCmdCtrl                   
2000ecec  _SlProfileDelCmdCtrl                  
2000ece8  _SlProfileGetCmdCtrl                  
2000edc0  _SlRegisterServiceCtrl                
2000b9b1  _SlRemoveFromList                     
2000ecf4  _SlRxFilterAddtCmdCtrl                
2000ecfc  _SlRxFilterGetCmdCtrl                 
2000ecf8  _SlRxFilterSetCmdCtrl                 
2000ed00  _SlSmartConfigStartCmdCtrl            
2000ee70  _SlStopCmdCtrl                        
2000ed0c  _SlWlanCfgGetCmdCtrl                  
2000ed08  _SlWlanCfgSetCmdCtrl                  
2000ecf0  _SlWlanGetNetworkListCtrl             
2000ed04  _SlWlanSetModeCmdCtrl                 
2001f4b0  _Snan                                 
2001f5bc  _Tls_setup__Fenv                      
2001f4d0  _Xbig                                 
2001f4d8  _Zero                                 
20030000  __STACK_END                           
00000800  __STACK_SIZE                          
00008000  __SYSMEM_SIZE                         
2000ef48  __TI_CINIT_Base                       
2000ef58  __TI_CINIT_Limit                      
2000ef34  __TI_Handler_Table_Base               
2000ef40  __TI_Handler_Table_Limit              
2000cf79  __TI_auto_init                        
2001f5b0  __TI_cleanup_ptr                      
2000e82f  __TI_decompress_none                  
2000e899  __TI_decompress_rle24                 
2001f5b4  __TI_dtors_ptr                        
20007789  __TI_printfi                          
2000ee98  __TI_static_base__                    
2000e865  __TI_zero_init                        
2000c81d  __aeabi_cdcmpeq                       
2000c81d  __aeabi_cdcmple                       
2000c8a3  __aeabi_cdrcmple                      
2000d935  __aeabi_d2f                           
2000d8ed  __aeabi_d2iz                          
2000a46f  __aeabi_dadd                          
2000abe1  __aeabi_ddiv                          
2000b297  __aeabi_dmul                          
2000a465  __aeabi_dsub                          
2000dced  __aeabi_f2d                           
2000df85  __aeabi_i2d                           
2000ccb1  __aeabi_memclr                        
2000ccb1  __aeabi_memclr4                       
2000ccb1  __aeabi_memclr8                       
2000c161  __aeabi_memcpy                        
2000c161  __aeabi_memcpy4                       
2000c161  __aeabi_memcpy8                       
2000ccb3  __aeabi_memset                        
2000ccb3  __aeabi_memset4                       
2000ccb3  __aeabi_memset8                       
2000e269  __aeabi_ui2f                          
20009ed5  __aeabi_uldivmod                      
ffffffff  __binit__                             
ffffffff  __c_args__                            
2002f800  __stack                               
2000e69d  _args_main                            
2000dbcd  _c_int00                              
2000e8a4  _ctypes_                              
2001f5a8  _lock                                 
2000e7c3  _nop                                  
2000e7bb  _register_lock                        
2000e7b5  _register_unlock                      
2000e685  _sl_GetStartResponseConvert           
2000d321  _sl_HandleAsync_Accept                
2000cd2d  _sl_HandleAsync_Connect               
2000c569  _sl_HandleAsync_DnsGetHostByName      
2000b8e9  _sl_HandleAsync_DnsGetHostByService   
2000cc35  _sl_HandleAsync_InitComplete          
2000c5f5  _sl_HandleAsync_PingResponse          
2000d59d  _sl_HandleAsync_Select                
2000d645  _sl_HandleAsync_Stop                  
2000d0b9  _sl_NetAppSendTokenValue              
20017000  _sys_memory                           
2000e89f  _system_pre_init                      
2001f5ac  _unlock                               
2000da95  abort                                 
2001f39c  acc_data                              
2000d779  atoi                                  
ffffffff  binit                                 
200093a5  calloc                                
2000d7c5  copy_in                               
20005a1d  eTaskGetState                         
2000da9d  exit                                  
2000de31  feraiseexcept                         
200090f3  free                                  
2000e315  frexp                                 
2001f5a4  gFirstCmdMode                         
2000ed5c  g_H2NCnysPattern                      
2000ed54  g_H2NSyncPattern                      
2001f590  g_SpiFd                               
2001f000  g_StatMem                             
2001f3a0  g_cDummy                              
2001f504  g_iSimplelinkRole                     
2001f59c  g_pCB                                 
2001f594  g_pHostIntHdl                         
20004000  g_pfnVectors                          
2001f520  g_ucConnectTimeout                    
2001f38c  g_ucConnectionBSSID                   
2001f2e0  g_ucConnectionSSID                    
2001f598  g_ucDMAEnabled                        
2001f240  g_ucDinDout                           
2001f3ad  g_ucLED1Pin                           
2001f3ae  g_ucLED2Pin                           
2001f3af  g_ucLED3Pin                           
2001f304  g_ucSSID                              
2001f51c  g_uiDeviceModeConfig                  
2001f508  g_uiIpAddress                         
2001f56c  g_uiLED1Port                          
2001f570  g_uiLED2Port                          
2001f574  g_uiLED3Port                          
2001f518  g_uiSimplelinkRole                    
2001f4e8  g_ulGatewayIP                         
2001f4e4  g_ulPingPacketsRecv                   
2001f4e0  g_ulStatus                            
2001f514  g_usMCNetworkUstate                   
2000d97d  ldexp                                 
2001f50c  loginstate                            
2000d4f1  ltoa                                  
200054c5  main                                  
2001f5c8  main_func_sp                          
2000908b  malloc                                
20008f6d  mem_Free                              
20008f61  mem_Malloc                            
20008f8d  mem_copy                              
20008f79  mem_set                               
200092c1  memalign                              
2000e4bd  memccpy                               
2000e337  memcmp                                
2000c161  memcpy                                
2000e245  memmove                               
2000ccb9  memset                                
20008ffd  minit                                 
20008fe3  osi_ContextRestore                    
20008fe1  osi_ContextSave                       
20008fa1  osi_EnterCritical                     
20008fab  osi_ExitCritical                      
20008bc7  osi_InterruptDeRegister               
20008ba1  osi_InterruptRegister                 
20008cd1  osi_LockObjCreate                     
20008d45  osi_LockObjDelete                     
20008d55  osi_LockObjLock                       
20008d81  osi_LockObjUnlock                     
20008e95  osi_MsgQCreate                        
20008ed9  osi_MsgQDelete                        
20008f25  osi_MsgQRead                          
20008ef3  osi_MsgQWrite                         
20008fbd  osi_Sleep                             
20008dab  osi_Spawn                             
20008caf  osi_SyncObjClear                      
20008bd9  osi_SyncObjCreate                     
20008c09  osi_SyncObjDelete                     
20008c23  osi_SyncObjSignal                     
20008c4b  osi_SyncObjSignalFromISR              
20008c83  osi_SyncObjWait                       
20008cf7  osi_TaskCreate                        
20008d37  osi_TaskDelete                        
20008fcd  osi_TaskDisable                       
20008fd7  osi_TaskEnable                        
20008fb5  osi_start                             
2001f5a0  pPingCallBackFunc                     
20005f41  pcTaskGetTaskName                     
2000bd61  portCLZ                               
2000bd49  prvPortStartFirstTask                 
2000dcb5  pvPortMalloc                          
2001f510  pwm_count                             
2001f524  pxCurrentTCB                          
2000af79  pxPortInitialiseStack                 
2000dfb3  raise                                 
200091b5  realloc                               
2000db15  signal                                
2000c1fd  sl_DevGet                             
2000be21  sl_NetAppMDNSRegisterUnregisterService
2000dd91  sl_NetAppMDNSUnRegisterService        
2000e161  sl_NetAppStart                        
2000e189  sl_NetAppStop                         
2000d121  sl_NetCfgSet                          
2000bbf1  sl_Start                              
2000b815  sl_Stop                               
2000e871  sl_WlanDisconnect                     
2000c32d  sl_WlanGet                            
2000d3e1  sl_WlanPolicySet                      
2000df25  sl_WlanProfileDel                     
2000d5f1  sl_WlanRxFilterSet                    
2000d189  sl_WlanSet                            
2000df55  sl_WlanSetMode                        
2000c3c1  sl_WlanSmartConfigStart               
2000e87d  sl_WlanSmartConfigStop                
2000ce1d  spi_Close                             
2000aa91  spi_Open                              
2000b661  spi_Read                              
2000c681  spi_Write                             
2000d381  sprintf                               
2000e739  strchr                                
2000e7c9  strlen                                
2000d811  uDMAChannelAssign                     
2000d259  uDMAChannelAttributeDisable           
2000d2bd  uDMAChannelAttributeEnable            
2000dc09  uDMAChannelControlSet                 
2000e4d9  uDMAChannelEnable                     
2000b489  uDMAChannelTransferSet                
20008211  ucQueueGetQueueType                   
2000bcb1  ulPortSetInterruptMask                
2000af2f  uxListRemove                          
200081f1  uxQueueGetQueueNumber                 
20008185  uxQueueMessagesWaiting                
200081bb  uxQueueMessagesWaitingFromISR         
2000819b  uxQueueSpacesAvailable                
20005f35  uxTaskGetNumberOfTasks                
20005f65  uxTaskGetSystemState                  
20006459  uxTaskGetTaskNumber                   
20005ab1  uxTaskPriorityGet                     
200069b1  uxTaskResetEventItemValue             
2000440b  vApplicationIdleHook                  
2000440d  vApplicationMallocFailedHook          
2000440f  vApplicationStackOverflowHook         
20004401  vAssertCalled                         
2000ae4d  vListInitialise                       
2000ae7d  vListInitialiseItem                   
2000aec9  vListInsert                           
2000ae8d  vListInsertEnd                        
2000bcc7  vPortClearInterruptMask               
2000aff5  vPortEndScheduler                     
2000b009  vPortEnterCritical                    
2000b021  vPortExitCritical                     
2000dcd5  vPortFree                             
2000bd21  vPortSVCHandler                       
2000b055  vPortSetupTimerInterrupt              
2000aff7  vPortYield                            
2000842b  vQueueAddToRegistry                   
200081cd  vQueueDelete                          
200081ff  vQueueSetQueueNumber                  
2000846d  vQueueUnregisterQueue                 
200059c7  vTaskDelay                            
2000592b  vTaskDelayUntil                       
2000589b  vTaskDelete                           
20005e19  vTaskEndScheduler                     
2000644b  vTaskMissedYield                      
200061e1  vTaskPlaceOnEventList                 
20006245  vTaskPlaceOnUnorderedEventList        
20006927  vTaskPriorityDisinherit               
2000686d  vTaskPriorityInherit                  
20005ae9  vTaskPrioritySet                      
20005ce1  vTaskResume                           
20006479  vTaskSetTaskNumber                    
200063ab  vTaskSetTimeOutState                  
20005dcf  vTaskStartScheduler                   
20005bed  vTaskSuspend                          
20005e2b  vTaskSuspendAll                       
20006161  vTaskSwitchContext                    
2000c795  vsnprintf                             
2001f578  xHigherPriorityTaskWoken              
2000bcd5  xPortPendSVHandler                    
2000afc9  xPortStartScheduler                   
2000b039  xPortSysTickHandler                   
200084bb  xQueueAddToSet                        
20007ded  xQueueAltGenericReceive               
20007d41  xQueueAltGenericSend                  
20007c15  xQueueCreateCountingSemaphore         
20007b97  xQueueCreateMutex                     
200084a7  xQueueCreateSet                       
20007b21  xQueueGenericCreate                   
20007f87  xQueueGenericReceive                  
20007a91  xQueueGenericReset                    
20007c35  xQueueGenericSend                     
20007eeb  xQueueGenericSendFromISR              
200083c7  xQueueIsQueueEmptyFromISR             
20008409  xQueueIsQueueFullFromISR              
20008141  xQueuePeekFromISR                     
200080c9  xQueueReceiveFromISR                  
2001f290  xQueueRegistry                        
200084ef  xQueueRemoveFromSet                   
20008531  xQueueSelectFromSet                   
2000854b  xQueueSelectFromSetFromISR            
2001f57c  xSimpleLinkSpawnQueue                 
2001f580  xSimpleLinkSpawnTaskHndl              
200063d1  xTaskCheckForTimeOut                  
2000578d  xTaskGenericCreate                    
20006821  xTaskGetCurrentTaskHandle             
20006023  xTaskGetIdleTaskHandle                
20006835  xTaskGetSchedulerState                
20005f09  xTaskGetTickCount                     
20005f1d  xTaskGetTickCountFromISR              
2000603d  xTaskIncrementTick                    
200062b9  xTaskRemoveFromEventList              
2000633d  xTaskRemoveFromUnorderedEventList     
20005e3d  xTaskResumeAll                        
20005d55  xTaskResumeFromISR                    


GLOBAL SYMBOLS: SORTED BY Symbol Address 

address   name                                  
-------   ----                                  
00000800  __STACK_SIZE                          
00008000  __SYSMEM_SIZE                         
20004000  g_pfnVectors                          
20004401  vAssertCalled                         
2000440b  vApplicationIdleHook                  
2000440d  vApplicationMallocFailedHook          
2000440f  vApplicationStackOverflowHook         
20004419  UpdateDutyCycle                       
20004439  SetupTimerPWMMode                     
20004483  InitPWMModules                        
200044a7  InitADCModules                        
200044cf  GetADCVoltage                         
2000453d  SimpleLinkWlanEventHandler            
20004709  SimpleLinkNetAppEventHandler          
20004779  SimpleLinkSockEventHandler            
200048f1  SimpleLinkHttpServerCallback          
200050ed  ConnectToNetwork                      
200054c5  main                                  
2000578d  xTaskGenericCreate                    
2000589b  vTaskDelete                           
2000592b  vTaskDelayUntil                       
200059c7  vTaskDelay                            
20005a1d  eTaskGetState                         
20005ab1  uxTaskPriorityGet                     
20005ae9  vTaskPrioritySet                      
20005bed  vTaskSuspend                          
20005ce1  vTaskResume                           
20005d55  xTaskResumeFromISR                    
20005dcf  vTaskStartScheduler                   
20005e19  vTaskEndScheduler                     
20005e2b  vTaskSuspendAll                       
20005e3d  xTaskResumeAll                        
20005f09  xTaskGetTickCount                     
20005f1d  xTaskGetTickCountFromISR              
20005f35  uxTaskGetNumberOfTasks                
20005f41  pcTaskGetTaskName                     
20005f65  uxTaskGetSystemState                  
20006023  xTaskGetIdleTaskHandle                
2000603d  xTaskIncrementTick                    
20006161  vTaskSwitchContext                    
200061e1  vTaskPlaceOnEventList                 
20006245  vTaskPlaceOnUnorderedEventList        
200062b9  xTaskRemoveFromEventList              
2000633d  xTaskRemoveFromUnorderedEventList     
200063ab  vTaskSetTimeOutState                  
200063d1  xTaskCheckForTimeOut                  
2000644b  vTaskMissedYield                      
20006459  uxTaskGetTaskNumber                   
20006479  vTaskSetTaskNumber                    
20006821  xTaskGetCurrentTaskHandle             
20006835  xTaskGetSchedulerState                
2000686d  vTaskPriorityInherit                  
20006927  vTaskPriorityDisinherit               
200069b1  uxTaskResetEventItemValue             
20007789  __TI_printfi                          
20007a91  xQueueGenericReset                    
20007b21  xQueueGenericCreate                   
20007b97  xQueueCreateMutex                     
20007c15  xQueueCreateCountingSemaphore         
20007c35  xQueueGenericSend                     
20007d41  xQueueAltGenericSend                  
20007ded  xQueueAltGenericReceive               
20007eeb  xQueueGenericSendFromISR              
20007f87  xQueueGenericReceive                  
200080c9  xQueueReceiveFromISR                  
20008141  xQueuePeekFromISR                     
20008185  uxQueueMessagesWaiting                
2000819b  uxQueueSpacesAvailable                
200081bb  uxQueueMessagesWaitingFromISR         
200081cd  vQueueDelete                          
200081f1  uxQueueGetQueueNumber                 
200081ff  vQueueSetQueueNumber                  
20008211  ucQueueGetQueueType                   
200083c7  xQueueIsQueueEmptyFromISR             
20008409  xQueueIsQueueFullFromISR              
2000842b  vQueueAddToRegistry                   
2000846d  vQueueUnregisterQueue                 
200084a7  xQueueCreateSet                       
200084bb  xQueueAddToSet                        
200084ef  xQueueRemoveFromSet                   
20008531  xQueueSelectFromSet                   
2000854b  xQueueSelectFromSetFromISR            
200085b5  _SlDrvMsgRead                         
20008ba1  osi_InterruptRegister                 
20008bc7  osi_InterruptDeRegister               
20008bd9  osi_SyncObjCreate                     
20008c09  osi_SyncObjDelete                     
20008c23  osi_SyncObjSignal                     
20008c4b  osi_SyncObjSignalFromISR              
20008c83  osi_SyncObjWait                       
20008caf  osi_SyncObjClear                      
20008cd1  osi_LockObjCreate                     
20008cf7  osi_TaskCreate                        
20008d37  osi_TaskDelete                        
20008d45  osi_LockObjDelete                     
20008d55  osi_LockObjLock                       
20008d81  osi_LockObjUnlock                     
20008dab  osi_Spawn                             
20008e19  VStartSimpleLinkSpawnTask             
20008e69  VDeleteSimpleLinkSpawnTask            
20008e95  osi_MsgQCreate                        
20008ed9  osi_MsgQDelete                        
20008ef3  osi_MsgQWrite                         
20008f25  osi_MsgQRead                          
20008f61  mem_Malloc                            
20008f6d  mem_Free                              
20008f79  mem_set                               
20008f8d  mem_copy                              
20008fa1  osi_EnterCritical                     
20008fab  osi_ExitCritical                      
20008fb5  osi_start                             
20008fbd  osi_Sleep                             
20008fcd  osi_TaskDisable                       
20008fd7  osi_TaskEnable                        
20008fe1  osi_ContextSave                       
20008fe3  osi_ContextRestore                    
20008ffd  minit                                 
2000908b  malloc                                
200090f3  free                                  
200091b5  realloc                               
200092c1  memalign                              
200093a5  calloc                                
20009415  GPIO_IF_LedConfigure                  
20009453  GPIO_IF_LedOn                         
20009507  GPIO_IF_LedOff                        
200095bb  GPIO_IF_LedStatus                     
20009625  GPIO_IF_LedToggle                     
20009653  GPIO_IF_GetPortNPin                   
20009699  GPIO_IF_ConfigureNIntEnable           
200096db  GPIO_IF_Set                           
20009715  GPIO_IF_Get                           
200097e1  I2C_IF_Write                          
20009897  I2C_IF_Read                           
20009953  I2C_IF_ReadFrom                       
2000999d  I2C_IF_Open                           
200099e5  I2C_IF_Close                          
200099fd  InitTerm                              
20009a1b  Message                               
20009a3d  ClearTerm                             
20009a47  Error                                 
20009a7f  GetCmd                                
20009b35  TrimSpace                             
20009bcd  Report                                
20009c8d  _SlDrvRxHdrRead                       
20009ed5  __aeabi_uldivmod                      
2000a0c9  _SlDrvReleasePoolObj                  
2000a299  _SlDrvMsgWrite                        
2000a465  __aeabi_dsub                          
2000a46f  __aeabi_dadd                          
2000a61d  _SlDrvWaitForPoolObj                  
2000a7ad  _SlDrvDriverCBInit                    
2000a921  _SlFindAndSetActiveObj                
2000aa91  spi_Open                              
2000abe1  __aeabi_ddiv                          
2000ad19  PRCMCC3200MCUInit                     
2000ae4d  vListInitialise                       
2000ae7d  vListInitialiseItem                   
2000ae8d  vListInsertEnd                        
2000aec9  vListInsert                           
2000af2f  uxListRemove                          
2000af79  pxPortInitialiseStack                 
2000afc9  xPortStartScheduler                   
2000aff5  vPortEndScheduler                     
2000aff7  vPortYield                            
2000b009  vPortEnterCritical                    
2000b021  vPortExitCritical                     
2000b039  xPortSysTickHandler                   
2000b055  vPortSetupTimerInterrupt              
2000b089  _Dscale                               
2000b199  _SlDrvNetAppEventHandler              
2000b297  __aeabi_dmul                          
2000b395  _SlDrvDriverCBDeinit                  
2000b489  uDMAChannelTransferSet                
2000b579  SmartConfigConnect                    
2000b601  SmartConfigStop                       
2000b661  spi_Read                              
2000b73d  _SlDrvClassifyRxMsg                   
2000b815  sl_Stop                               
2000b8e9  _sl_HandleAsync_DnsGetHostByService   
2000b9b1  _SlRemoveFromList                     
2000ba75  _Dnorm                                
2000bb35  _SlDrvMsgReadCmdCtx                   
2000bbf1  sl_Start                              
2000bcb1  ulPortSetInterruptMask                
2000bcc7  vPortClearInterruptMask               
2000bcd5  xPortPendSVHandler                    
2000bd21  vPortSVCHandler                       
2000bd49  prvPortStartFirstTask                 
2000bd61  portCLZ                               
2000bd69  _SlAsyncEventGenericHandler           
2000be21  sl_NetAppMDNSRegisterUnregisterService
2000bed5  IntDisable                            
2000bf7d  IntEnable                             
2000c025  SPIConfigSetExpClk                    
2000c0c5  _SlDrvMsgReadSpawnCtx                 
2000c161  __aeabi_memcpy                        
2000c161  __aeabi_memcpy4                       
2000c161  __aeabi_memcpy8                       
2000c161  memcpy                                
2000c1fd  sl_DevGet                             
2000c299  PRCMPeripheralClockGet                
2000c32d  sl_WlanGet                            
2000c3c1  sl_WlanSmartConfigStart               
2000c569  _sl_HandleAsync_DnsGetHostByName      
2000c5f5  _sl_HandleAsync_PingResponse          
2000c681  spi_Write                             
2000c70d  PinConfigSet                          
2000c795  vsnprintf                             
2000c81d  __aeabi_cdcmpeq                       
2000c81d  __aeabi_cdcmple                       
2000c8a3  __aeabi_cdrcmple                      
2000c929  I2CMasterInitExpClk                   
2000c9ad  NwpPowerOnPreamble                    
2000ca31  GPIOIntTypeSet                        
2000cab5  _SlDrvCmdOp                           
2000cc35  _sl_HandleAsync_InitComplete          
2000ccb1  __aeabi_memclr                        
2000ccb1  __aeabi_memclr4                       
2000ccb1  __aeabi_memclr8                       
2000ccb3  __aeabi_memset                        
2000ccb3  __aeabi_memset4                       
2000ccb3  __aeabi_memset8                       
2000ccb9  memset                                
2000cd2d  _sl_HandleAsync_Connect               
2000cda5  ProcessReadRegCommand                 
2000cde9  Get_acc_data                          
2000ce1d  spi_Close                             
2000ce95  UARTConfigSetExpClk                   
2000cf0d  _SlDrvCmdSend                         
2000cf79  __TI_auto_init                        
2000cfe5  PinMuxConfig                          
2000d0b9  _sl_NetAppSendTokenValue              
2000d121  sl_NetCfgSet                          
2000d189  sl_WlanSet                            
2000d1f1  _Dunscale                             
2000d259  uDMAChannelAttributeDisable           
2000d2bd  uDMAChannelAttributeEnable            
2000d321  _sl_HandleAsync_Accept                
2000d381  sprintf                               
2000d3e1  sl_WlanPolicySet                      
2000d441  IntPendClear                          
2000d499  PRCMPeripheralReset                   
2000d4f1  ltoa                                  
2000d549  IntPrioritySet                        
2000d59d  _sl_HandleAsync_Select                
2000d5f1  sl_WlanRxFilterSet                    
2000d645  _sl_HandleAsync_Stop                  
2000d695  SPIIntEnable                          
2000d6e1  _SlDrvProtectAsyncRespSetting         
2000d72d  _SlDrvRxIrqHandler                    
2000d779  atoi                                  
2000d7c5  copy_in                               
2000d811  uDMAChannelAssign                     
2000d85d  SPIIntClear                           
2000d8a5  _SlDrvBasicCmd                        
2000d8ed  __aeabi_d2iz                          
2000d935  __aeabi_d2f                           
2000d97d  ldexp                                 
2000da09  TimerConfigure                        
2000da91  C$$EXIT                               
2000da95  abort                                 
2000da9d  exit                                  
2000dad5  PinModeSet                            
2000db15  signal                                
2000db55  CopyPingResultsToReport               
2000db91  PRCMPeripheralClkEnable               
2000dbcd  _c_int00                              
2000dc09  uDMAChannelControlSet                 
2000dc45  ADCChannelEnable                      
2000dc7d  NwpPowerOff                           
2000dcb5  pvPortMalloc                          
2000dcd5  vPortFree                             
2000dced  __aeabi_f2d                           
2000dd25  GPIODirModeSet                        
2000dd5b  TimerControlLevel                     
2000dd91  sl_NetAppMDNSUnRegisterService        
2000ddc9  PRCMPeripheralStatusGet               
2000ddfd  SPIFIFOLevelSet                       
2000de31  feraiseexcept                         
2000de65  PinTypeGPIO                           
2000de95  UARTDisable                           
2000dec5  _SlDrvDeviceEventHandler              
2000def5  _Feraise                              
2000df25  sl_WlanProfileDel                     
2000df55  sl_WlanSetMode                        
2000df85  __aeabi_i2d                           
2000dfb3  raise                                 
2000dfe1  DmaSpiSwIntHandler                    
2000e00d  I2CMasterErr                          
2000e039  NwpPowerOn                            
2000e065  PRCMSysResetCauseGet                  
2000e091  TimerLoadSet                          
2000e0bb  TimerMatchSet                         
2000e0e5  TimerPrescaleSet                      
2000e10f  _Dclass                               
2000e139  PRCMPeripheralClkDisable              
2000e161  sl_NetAppStart                        
2000e189  sl_NetAppStop                         
2000e1b1  NwpRegisterInterruptHandler           
2000e1d9  IntUnregister                         
2000e1fd  UARTEnable                            
2000e221  _SlDrvProtectionObjLockWaitForever    
2000e245  memmove                               
2000e269  __aeabi_ui2f                          
2000e28d  ADCTimerConfig                        
2000e2af  I2CMasterSlaveAddrSet                 
2000e2d1  SPIReset                              
2000e2f3  SPIWordCountSet                       
2000e315  frexp                                 
2000e337  memcmp                                
2000e359  GPIOPinWrite                          
2000e379  IntRegister                           
2000e399  _SlDrvProtectionObjUnLock             
2000e3b9  I2CMasterIntStatusEx                  
2000e3d7  TimerEnable                           
2000e3f5  UARTCharPut                           
2000e431  ADCFIFOLvlGet                         
2000e44d  PinTypeI2C                            
2000e469  UARTCharGetNonBlocking                
2000e485  _SlDrvObjLockWaitForever              
2000e4a1  _SlDrvSyncObjWaitForever              
2000e4bd  memccpy                               
2000e4d9  uDMAChannelEnable                     
2000e4f5  GPIOIntEnable                         
2000e50f  PinTypeTimer                          
2000e529  PinTypeUART                           
2000e543  SPIDmaDisable                         
2000e55d  SPIDmaEnable                          
2000e577  SPIFIFODisable                        
2000e591  SPIFIFOEnable                         
2000e5ab  ADCFIFORead                           
2000e5c3  GPIOPinRead                           
2000e5db  SPICSDisable                          
2000e5f3  SPICSEnable                           
2000e60b  SPIDisable                            
2000e623  SPIEnable                             
2000e63b  UARTCharsAvail                        
2000e653  _SlDrvObjUnLock                       
2000e66b  _SlDrvSyncObjSignal                   
2000e685  _sl_GetStartResponseConvert           
2000e69d  _args_main                            
2000e6b5  ADCTimerEnable                        
2000e6cb  I2CMasterDataPut                      
2000e6e1  I2CMasterEnable                       
2000e6f7  PRCMHIBRegRead                        
2000e70d  PRCMHIBRegWrite                       
2000e723  _SlDrvMemZero                         
2000e739  strchr                                
2000e74f  ADCEnable                             
2000e763  CPUcpsie                              
2000e777  GPIOIntClear                          
2000e78d  IntVTableBaseSet                      
2000e7a1  PinTypeADC                            
2000e7b5  _register_unlock                      
2000e7bb  _register_lock                        
2000e7c3  _nop                                  
2000e7c9  strlen                                
2000e7dd  I2CMasterControl                      
2000e7ef  I2CMasterIntClearEx                   
2000e801  I2CMasterTimeoutSet                   
2000e813  I2CMasterDataGet                      
2000e821  _SlDrvResetCmdExt                     
2000e82f  __TI_decompress_none                  
2000e83d  ResetISR                              
2000e84d  NwpMaskInterrupt                      
2000e859  NwpUnMaskInterrupt                    
2000e865  __TI_zero_init                        
2000e871  sl_WlanDisconnect                     
2000e87d  sl_WlanSmartConfigStop                
2000e889  IntMasterEnable                       
2000e893  UtilsDelay                            
2000e899  __TI_decompress_rle24                 
2000e89f  _system_pre_init                      
2000e8a4  _ctypes_                              
2000eca4  OpcodeTranslateTable                  
2000ece0  _SlPolicySetCmdCtrl                   
2000ece4  _SlPolicyGetCmdCtrl                   
2000ece8  _SlProfileGetCmdCtrl                  
2000ecec  _SlProfileDelCmdCtrl                  
2000ecf0  _SlWlanGetNetworkListCtrl             
2000ecf4  _SlRxFilterAddtCmdCtrl                
2000ecf8  _SlRxFilterSetCmdCtrl                 
2000ecfc  _SlRxFilterGetCmdCtrl                 
2000ed00  _SlSmartConfigStartCmdCtrl            
2000ed04  _SlWlanSetModeCmdCtrl                 
2000ed08  _SlWlanCfgSetCmdCtrl                  
2000ed0c  _SlWlanCfgGetCmdCtrl                  
2000ed1c  _SlActionLookupTable                  
2000ed54  g_H2NSyncPattern                      
2000ed5c  g_H2NCnysPattern                      
2000ed64  RxMsgClassLUT                         
2000edb4  _SlNetAppStartCtrl                    
2000edb8  _SlNetAppStopCtrl                     
2000edbc  _SlGetServiceListeCtrl                
2000edc0  _SlRegisterServiceCtrl                
2000edc4  _SlGetHostByServiceCtrl               
2000edc8  _SlGetHostByNameCtrl                  
2000edcc  _SlNetAppSetCmdCtrl                   
2000edd0  _SlNetAppSendTokenValueCmdCtrl        
2000edd4  _SlNetAppGetCmdCtrl                   
2000ee70  _SlStopCmdCtrl                        
2000ee74  _SlEventMaskSetCmdCtrl                
2000ee78  _SlEventMaskGetCmdCtrl                
2000ee7c  _SlDeviceGetCmdCtrl                   
2000ee80  _SlDeviceSetCmdCtrl                   
2000ee84  StartResponseLUT                      
2000ee8c  _SlNetCfgSetCmdCtrl                   
2000ee90  _SlNetCfgGetCmdCtrl                   
2000ee98  __TI_static_base__                    
2000ef34  __TI_Handler_Table_Base               
2000ef40  __TI_Handler_Table_Limit              
2000ef48  __TI_CINIT_Base                       
2000ef58  __TI_CINIT_Limit                      
20017000  _sys_memory                           
2001f000  g_StatMem                             
2001f240  g_ucDinDout                           
2001f290  xQueueRegistry                        
2001f2e0  g_ucConnectionSSID                    
2001f304  g_ucSSID                              
2001f38c  g_ucConnectionBSSID                   
2001f394  DMAMsgQ                               
2001f39c  acc_data                              
2001f3a0  g_cDummy                              
2001f3ac  RxIrqCnt                              
2001f3ad  g_ucLED1Pin                           
2001f3ae  g_ucLED2Pin                           
2001f3af  g_ucLED3Pin                           
2001f460  _Denorm                               
2001f470  _Eps                                  
2001f480  _Hugeval                              
2001f490  _Inf                                  
2001f4a0  _Nan                                  
2001f4b0  _Snan                                 
2001f4c0  _Rteps                                
2001f4d0  _Xbig                                 
2001f4d8  _Zero                                 
2001f4e0  g_ulStatus                            
2001f4e4  g_ulPingPacketsRecv                   
2001f4e8  g_ulGatewayIP                         
2001f4ec  POST_token                            
2001f4f7  GET_token                             
2001f504  g_iSimplelinkRole                     
2001f508  g_uiIpAddress                         
2001f50c  loginstate                            
2001f510  pwm_count                             
2001f514  g_usMCNetworkUstate                   
2001f518  g_uiSimplelinkRole                    
2001f51c  g_uiDeviceModeConfig                  
2001f520  g_ucConnectTimeout                    
2001f524  pxCurrentTCB                          
2001f56c  g_uiLED1Port                          
2001f570  g_uiLED2Port                          
2001f574  g_uiLED3Port                          
2001f578  xHigherPriorityTaskWoken              
2001f57c  xSimpleLinkSpawnQueue                 
2001f580  xSimpleLinkSpawnTaskHndl              
2001f590  g_SpiFd                               
2001f594  g_pHostIntHdl                         
2001f598  g_ucDMAEnabled                        
2001f59c  g_pCB                                 
2001f5a0  pPingCallBackFunc                     
2001f5a4  gFirstCmdMode                         
2001f5a8  _lock                                 
2001f5ac  _unlock                               
2001f5b0  __TI_cleanup_ptr                      
2001f5b4  __TI_dtors_ptr                        
2001f5b8  _Fenv                                 
2001f5bc  _Tls_setup__Fenv                      
2001f5c4  _Errno                                
2001f5c8  main_func_sp                          
2002f800  __stack                               
20030000  __STACK_END                           
ffffffff  __binit__                             
ffffffff  __c_args__                            
ffffffff  binit                                 
UNDEFED   SHT$$INIT_ARRAY$$Base                 
UNDEFED   SHT$$INIT_ARRAY$$Limit                

[477 symbols]
