<?xml version="1.0"?>
<link_info>
   <banner>TI ARM Linker PC v5.2.5</banner>
   <copyright>Copyright (c) 1996-2015 Texas Instruments Incorporated</copyright>
   <link_time>0x571ca0f0</link_time>
   <link_errors>0x0</link_errors>
   <output_file>httpserver.out</output_file>
   <entry_point>
      <name>_c_int00</name>
      <address>0x2000dbcd</address>
   </entry_point>
   <input_file_list>
      <input_file id="fl-2">
         <path>.\</path>
         <kind>object</kind>
         <file>acc_iic.obj</file>
         <name>acc_iic.obj</name>
      </input_file>
      <input_file id="fl-3">
         <path>.\</path>
         <kind>object</kind>
         <file>gpio_if.obj</file>
         <name>gpio_if.obj</name>
      </input_file>
      <input_file id="fl-4">
         <path>.\</path>
         <kind>object</kind>
         <file>i2c_if.obj</file>
         <name>i2c_if.obj</name>
      </input_file>
      <input_file id="fl-5">
         <path>.\</path>
         <kind>object</kind>
         <file>main.obj</file>
         <name>main.obj</name>
      </input_file>
      <input_file id="fl-6">
         <path>.\</path>
         <kind>object</kind>
         <file>pinmux.obj</file>
         <name>pinmux.obj</name>
      </input_file>
      <input_file id="fl-7">
         <path>.\</path>
         <kind>object</kind>
         <file>smartconfig.obj</file>
         <name>smartconfig.obj</name>
      </input_file>
      <input_file id="fl-8">
         <path>.\</path>
         <kind>object</kind>
         <file>startup_ccs.obj</file>
         <name>startup_ccs.obj</name>
      </input_file>
      <input_file id="fl-9">
         <path>.\</path>
         <kind>object</kind>
         <file>uart_if.obj</file>
         <name>uart_if.obj</name>
      </input_file>
      <input_file id="fl-132">
         <path>D:\TI\ccsv6\tools\compiler\ti-cgt-arm_5.2.5\lib\</path>
         <kind>archive</kind>
         <file>rtsv7M4_T_le_eabi.lib</file>
         <name>boot.obj</name>
      </input_file>
      <input_file id="fl-133">
         <path>D:\TI\ccsv6\tools\compiler\ti-cgt-arm_5.2.5\lib\</path>
         <kind>archive</kind>
         <file>rtsv7M4_T_le_eabi.lib</file>
         <name>copy_decompress_none.obj</name>
      </input_file>
      <input_file id="fl-134">
         <path>D:\TI\ccsv6\tools\compiler\ti-cgt-arm_5.2.5\lib\</path>
         <kind>archive</kind>
         <file>rtsv7M4_T_le_eabi.lib</file>
         <name>copy_decompress_rle.obj</name>
      </input_file>
      <input_file id="fl-135">
         <path>D:\TI\ccsv6\tools\compiler\ti-cgt-arm_5.2.5\lib\</path>
         <kind>archive</kind>
         <file>rtsv7M4_T_le_eabi.lib</file>
         <name>copy_zero_init.obj</name>
      </input_file>
      <input_file id="fl-136">
         <path>D:\TI\ccsv6\tools\compiler\ti-cgt-arm_5.2.5\lib\</path>
         <kind>archive</kind>
         <file>rtsv7M4_T_le_eabi.lib</file>
         <name>exit.obj</name>
      </input_file>
      <input_file id="fl-137">
         <path>D:\TI\ccsv6\tools\compiler\ti-cgt-arm_5.2.5\lib\</path>
         <kind>archive</kind>
         <file>rtsv7M4_T_le_eabi.lib</file>
         <name>fd_div_t2.obj</name>
      </input_file>
      <input_file id="fl-138">
         <path>D:\TI\ccsv6\tools\compiler\ti-cgt-arm_5.2.5\lib\</path>
         <kind>archive</kind>
         <file>rtsv7M4_T_le_eabi.lib</file>
         <name>fd_mul_t2.obj</name>
      </input_file>
      <input_file id="fl-139">
         <path>D:\TI\ccsv6\tools\compiler\ti-cgt-arm_5.2.5\lib\</path>
         <kind>archive</kind>
         <file>rtsv7M4_T_le_eabi.lib</file>
         <name>fd_tos_t2.obj</name>
      </input_file>
      <input_file id="fl-13a">
         <path>D:\TI\ccsv6\tools\compiler\ti-cgt-arm_5.2.5\lib\</path>
         <kind>archive</kind>
         <file>rtsv7M4_T_le_eabi.lib</file>
         <name>fs_tod_t2.obj</name>
      </input_file>
      <input_file id="fl-13b">
         <path>D:\TI\ccsv6\tools\compiler\ti-cgt-arm_5.2.5\lib\</path>
         <kind>archive</kind>
         <file>rtsv7M4_T_le_eabi.lib</file>
         <name>ltoa.obj</name>
      </input_file>
      <input_file id="fl-13c">
         <path>D:\TI\ccsv6\tools\compiler\ti-cgt-arm_5.2.5\lib\</path>
         <kind>archive</kind>
         <file>rtsv7M4_T_le_eabi.lib</file>
         <name>memcmp.obj</name>
      </input_file>
      <input_file id="fl-13d">
         <path>D:\TI\ccsv6\tools\compiler\ti-cgt-arm_5.2.5\lib\</path>
         <kind>archive</kind>
         <file>rtsv7M4_T_le_eabi.lib</file>
         <name>memcpy_t2.obj</name>
      </input_file>
      <input_file id="fl-13e">
         <path>D:\TI\ccsv6\tools\compiler\ti-cgt-arm_5.2.5\lib\</path>
         <kind>archive</kind>
         <file>rtsv7M4_T_le_eabi.lib</file>
         <name>memmov.obj</name>
      </input_file>
      <input_file id="fl-13f">
         <path>D:\TI\ccsv6\tools\compiler\ti-cgt-arm_5.2.5\lib\</path>
         <kind>archive</kind>
         <file>rtsv7M4_T_le_eabi.lib</file>
         <name>memory.obj</name>
      </input_file>
      <input_file id="fl-140">
         <path>D:\TI\ccsv6\tools\compiler\ti-cgt-arm_5.2.5\lib\</path>
         <kind>archive</kind>
         <file>rtsv7M4_T_le_eabi.lib</file>
         <name>memset_t2.obj</name>
      </input_file>
      <input_file id="fl-141">
         <path>D:\TI\ccsv6\tools\compiler\ti-cgt-arm_5.2.5\lib\</path>
         <kind>archive</kind>
         <file>rtsv7M4_T_le_eabi.lib</file>
         <name>pre_init.obj</name>
      </input_file>
      <input_file id="fl-142">
         <path>D:\TI\ccsv6\tools\compiler\ti-cgt-arm_5.2.5\lib\</path>
         <kind>archive</kind>
         <file>rtsv7M4_T_le_eabi.lib</file>
         <name>sprintf.obj</name>
      </input_file>
      <input_file id="fl-143">
         <path>D:\TI\ccsv6\tools\compiler\ti-cgt-arm_5.2.5\lib\</path>
         <kind>archive</kind>
         <file>rtsv7M4_T_le_eabi.lib</file>
         <name>stkdepth_vars.obj</name>
      </input_file>
      <input_file id="fl-144">
         <path>D:\TI\ccsv6\tools\compiler\ti-cgt-arm_5.2.5\lib\</path>
         <kind>archive</kind>
         <file>rtsv7M4_T_le_eabi.lib</file>
         <name>strlen.obj</name>
      </input_file>
      <input_file id="fl-145">
         <path>D:\TI\ccsv6\tools\compiler\ti-cgt-arm_5.2.5\lib\</path>
         <kind>archive</kind>
         <file>rtsv7M4_T_le_eabi.lib</file>
         <name>u_tofs_t2.obj</name>
      </input_file>
      <input_file id="fl-146">
         <path>D:\TI\ccsv6\tools\compiler\ti-cgt-arm_5.2.5\lib\</path>
         <kind>archive</kind>
         <file>rtsv7M4_T_le_eabi.lib</file>
         <name>vsnprintf.obj</name>
      </input_file>
      <input_file id="fl-147">
         <path>D:\TI\ccsv6\tools\compiler\ti-cgt-arm_5.2.5\lib\</path>
         <kind>archive</kind>
         <file>rtsv7M4_T_le_eabi.lib</file>
         <name>_lock.obj</name>
      </input_file>
      <input_file id="fl-148">
         <path>D:\TI\ccsv6\tools\compiler\ti-cgt-arm_5.2.5\lib\</path>
         <kind>archive</kind>
         <file>rtsv7M4_T_le_eabi.lib</file>
         <name>_printfi.obj</name>
      </input_file>
      <input_file id="fl-149">
         <path>D:\TI\ccsv6\tools\compiler\ti-cgt-arm_5.2.5\lib\</path>
         <kind>archive</kind>
         <file>rtsv7M4_T_le_eabi.lib</file>
         <name>args_main.obj</name>
      </input_file>
      <input_file id="fl-14a">
         <path>D:\TI\ccsv6\tools\compiler\ti-cgt-arm_5.2.5\lib\</path>
         <kind>archive</kind>
         <file>rtsv7M4_T_le_eabi.lib</file>
         <name>atoi.obj</name>
      </input_file>
      <input_file id="fl-14b">
         <path>D:\TI\ccsv6\tools\compiler\ti-cgt-arm_5.2.5\lib\</path>
         <kind>archive</kind>
         <file>rtsv7M4_T_le_eabi.lib</file>
         <name>autoinit.obj</name>
      </input_file>
      <input_file id="fl-14c">
         <path>D:\TI\ccsv6\tools\compiler\ti-cgt-arm_5.2.5\lib\</path>
         <kind>archive</kind>
         <file>rtsv7M4_T_le_eabi.lib</file>
         <name>cpy_tbl.obj</name>
      </input_file>
      <input_file id="fl-14d">
         <path>D:\TI\ccsv6\tools\compiler\ti-cgt-arm_5.2.5\lib\</path>
         <kind>archive</kind>
         <file>rtsv7M4_T_le_eabi.lib</file>
         <name>ctype.obj</name>
      </input_file>
      <input_file id="fl-14e">
         <path>D:\TI\ccsv6\tools\compiler\ti-cgt-arm_5.2.5\lib\</path>
         <kind>archive</kind>
         <file>rtsv7M4_T_le_eabi.lib</file>
         <name>fd_add_t2.obj</name>
      </input_file>
      <input_file id="fl-14f">
         <path>D:\TI\ccsv6\tools\compiler\ti-cgt-arm_5.2.5\lib\</path>
         <kind>archive</kind>
         <file>rtsv7M4_T_le_eabi.lib</file>
         <name>fd_cmp_t2.obj</name>
      </input_file>
      <input_file id="fl-150">
         <path>D:\TI\ccsv6\tools\compiler\ti-cgt-arm_5.2.5\lib\</path>
         <kind>archive</kind>
         <file>rtsv7M4_T_le_eabi.lib</file>
         <name>fd_toi_t2.obj</name>
      </input_file>
      <input_file id="fl-151">
         <path>D:\TI\ccsv6\tools\compiler\ti-cgt-arm_5.2.5\lib\</path>
         <kind>archive</kind>
         <file>rtsv7M4_T_le_eabi.lib</file>
         <name>frexp.obj</name>
      </input_file>
      <input_file id="fl-152">
         <path>D:\TI\ccsv6\tools\compiler\ti-cgt-arm_5.2.5\lib\</path>
         <kind>archive</kind>
         <file>rtsv7M4_T_le_eabi.lib</file>
         <name>i_tofd_t2.obj</name>
      </input_file>
      <input_file id="fl-153">
         <path>D:\TI\ccsv6\tools\compiler\ti-cgt-arm_5.2.5\lib\</path>
         <kind>archive</kind>
         <file>rtsv7M4_T_le_eabi.lib</file>
         <name>ldexp.obj</name>
      </input_file>
      <input_file id="fl-154">
         <path>D:\TI\ccsv6\tools\compiler\ti-cgt-arm_5.2.5\lib\</path>
         <kind>archive</kind>
         <file>rtsv7M4_T_le_eabi.lib</file>
         <name>memccpy.obj</name>
      </input_file>
      <input_file id="fl-155">
         <path>D:\TI\ccsv6\tools\compiler\ti-cgt-arm_5.2.5\lib\</path>
         <kind>archive</kind>
         <file>rtsv7M4_T_le_eabi.lib</file>
         <name>strchr.obj</name>
      </input_file>
      <input_file id="fl-156">
         <path>D:\TI\ccsv6\tools\compiler\ti-cgt-arm_5.2.5\lib\</path>
         <kind>archive</kind>
         <file>rtsv7M4_T_le_eabi.lib</file>
         <name>ull_div_t2.obj</name>
      </input_file>
      <input_file id="fl-157">
         <path>D:\TI\ccsv6\tools\compiler\ti-cgt-arm_5.2.5\lib\</path>
         <kind>archive</kind>
         <file>rtsv7M4_T_le_eabi.lib</file>
         <name>xdclass.obj</name>
      </input_file>
      <input_file id="fl-158">
         <path>D:\TI\ccsv6\tools\compiler\ti-cgt-arm_5.2.5\lib\</path>
         <kind>archive</kind>
         <file>rtsv7M4_T_le_eabi.lib</file>
         <name>xdscale.obj</name>
      </input_file>
      <input_file id="fl-159">
         <path>D:\TI\ccsv6\tools\compiler\ti-cgt-arm_5.2.5\lib\</path>
         <kind>archive</kind>
         <file>rtsv7M4_T_le_eabi.lib</file>
         <name>xdunscal.obj</name>
      </input_file>
      <input_file id="fl-15a">
         <path>D:\TI\ccsv6\tools\compiler\ti-cgt-arm_5.2.5\lib\</path>
         <kind>archive</kind>
         <file>rtsv7M4_T_le_eabi.lib</file>
         <name>xferaise.obj</name>
      </input_file>
      <input_file id="fl-15b">
         <path>D:\TI\ccsv6\tools\compiler\ti-cgt-arm_5.2.5\lib\</path>
         <kind>archive</kind>
         <file>rtsv7M4_T_le_eabi.lib</file>
         <name>xvalues.obj</name>
      </input_file>
      <input_file id="fl-15c">
         <path>D:\TI\ccsv6\tools\compiler\ti-cgt-arm_5.2.5\lib\</path>
         <kind>archive</kind>
         <file>rtsv7M4_T_le_eabi.lib</file>
         <name>errno.obj</name>
      </input_file>
      <input_file id="fl-15d">
         <path>D:\TI\ccsv6\tools\compiler\ti-cgt-arm_5.2.5\lib\</path>
         <kind>archive</kind>
         <file>rtsv7M4_T_le_eabi.lib</file>
         <name>feraiseexcept.obj</name>
      </input_file>
      <input_file id="fl-15e">
         <path>D:\TI\ccsv6\tools\compiler\ti-cgt-arm_5.2.5\lib\</path>
         <kind>archive</kind>
         <file>rtsv7M4_T_le_eabi.lib</file>
         <name>raise.obj</name>
      </input_file>
      <input_file id="fl-15f">
         <path>D:\TI\ccsv6\tools\compiler\ti-cgt-arm_5.2.5\lib\</path>
         <kind>archive</kind>
         <file>rtsv7M4_T_le_eabi.lib</file>
         <name>signal.obj</name>
      </input_file>
      <input_file id="fl-160">
         <path>D:\TI\ccsv6\tools\compiler\ti-cgt-arm_5.2.5\lib\</path>
         <kind>archive</kind>
         <file>rtsv7M4_T_le_eabi.lib</file>
         <name>xdnorm.obj</name>
      </input_file>
      <input_file id="fl-161">
         <path>D:\TI\cc3200-sdk\simplelink\ccs\OS\</path>
         <kind>archive</kind>
         <file>simplelink.a</file>
         <name>device.obj</name>
      </input_file>
      <input_file id="fl-162">
         <path>D:\TI\cc3200-sdk\simplelink\ccs\OS\</path>
         <kind>archive</kind>
         <file>simplelink.a</file>
         <name>driver.obj</name>
      </input_file>
      <input_file id="fl-163">
         <path>D:\TI\cc3200-sdk\simplelink\ccs\OS\</path>
         <kind>archive</kind>
         <file>simplelink.a</file>
         <name>netapp.obj</name>
      </input_file>
      <input_file id="fl-164">
         <path>D:\TI\cc3200-sdk\simplelink\ccs\OS\</path>
         <kind>archive</kind>
         <file>simplelink.a</file>
         <name>netcfg.obj</name>
      </input_file>
      <input_file id="fl-165">
         <path>D:\TI\cc3200-sdk\simplelink\ccs\OS\</path>
         <kind>archive</kind>
         <file>simplelink.a</file>
         <name>socket.obj</name>
      </input_file>
      <input_file id="fl-166">
         <path>D:\TI\cc3200-sdk\simplelink\ccs\OS\</path>
         <kind>archive</kind>
         <file>simplelink.a</file>
         <name>wlan.obj</name>
      </input_file>
      <input_file id="fl-167">
         <path>D:\TI\cc3200-sdk\simplelink\ccs\OS\</path>
         <kind>archive</kind>
         <file>simplelink.a</file>
         <name>cc_pal.obj</name>
      </input_file>
      <input_file id="fl-168">
         <path>D:\TI\cc3200-sdk\driverlib\ccs\Release\</path>
         <kind>archive</kind>
         <file>driverlib.a</file>
         <name>adc.obj</name>
      </input_file>
      <input_file id="fl-169">
         <path>D:\TI\cc3200-sdk\driverlib\ccs\Release\</path>
         <kind>archive</kind>
         <file>driverlib.a</file>
         <name>gpio.obj</name>
      </input_file>
      <input_file id="fl-16a">
         <path>D:\TI\cc3200-sdk\driverlib\ccs\Release\</path>
         <kind>archive</kind>
         <file>driverlib.a</file>
         <name>i2c.obj</name>
      </input_file>
      <input_file id="fl-16b">
         <path>D:\TI\cc3200-sdk\driverlib\ccs\Release\</path>
         <kind>archive</kind>
         <file>driverlib.a</file>
         <name>interrupt.obj</name>
      </input_file>
      <input_file id="fl-16c">
         <path>D:\TI\cc3200-sdk\driverlib\ccs\Release\</path>
         <kind>archive</kind>
         <file>driverlib.a</file>
         <name>pin.obj</name>
      </input_file>
      <input_file id="fl-16d">
         <path>D:\TI\cc3200-sdk\driverlib\ccs\Release\</path>
         <kind>archive</kind>
         <file>driverlib.a</file>
         <name>prcm.obj</name>
      </input_file>
      <input_file id="fl-16e">
         <path>D:\TI\cc3200-sdk\driverlib\ccs\Release\</path>
         <kind>archive</kind>
         <file>driverlib.a</file>
         <name>spi.obj</name>
      </input_file>
      <input_file id="fl-16f">
         <path>D:\TI\cc3200-sdk\driverlib\ccs\Release\</path>
         <kind>archive</kind>
         <file>driverlib.a</file>
         <name>timer.obj</name>
      </input_file>
      <input_file id="fl-170">
         <path>D:\TI\cc3200-sdk\driverlib\ccs\Release\</path>
         <kind>archive</kind>
         <file>driverlib.a</file>
         <name>uart.obj</name>
      </input_file>
      <input_file id="fl-171">
         <path>D:\TI\cc3200-sdk\driverlib\ccs\Release\</path>
         <kind>archive</kind>
         <file>driverlib.a</file>
         <name>udma.obj</name>
      </input_file>
      <input_file id="fl-172">
         <path>D:\TI\cc3200-sdk\driverlib\ccs\Release\</path>
         <kind>archive</kind>
         <file>driverlib.a</file>
         <name>utils.obj</name>
      </input_file>
      <input_file id="fl-173">
         <path>D:\TI\cc3200-sdk\driverlib\ccs\Release\</path>
         <kind>archive</kind>
         <file>driverlib.a</file>
         <name>cpu.obj</name>
      </input_file>
      <input_file id="fl-174">
         <path>D:\TI\cc3200-sdk\driverlib\ccs\Release\</path>
         <kind>archive</kind>
         <file>driverlib.a</file>
         <name>flash.obj</name>
      </input_file>
      <input_file id="fl-175">
         <path>D:\TI\cc3200-sdk\oslib\ccs\free_rtos\</path>
         <kind>archive</kind>
         <file>free_rtos.a</file>
         <name>osi_freertos.obj</name>
      </input_file>
      <input_file id="fl-176">
         <path>D:\TI\cc3200-sdk\oslib\ccs\free_rtos\</path>
         <kind>archive</kind>
         <file>free_rtos.a</file>
         <name>port.obj</name>
      </input_file>
      <input_file id="fl-177">
         <path>D:\TI\cc3200-sdk\oslib\ccs\free_rtos\</path>
         <kind>archive</kind>
         <file>free_rtos.a</file>
         <name>portasm.obj</name>
      </input_file>
      <input_file id="fl-178">
         <path>D:\TI\cc3200-sdk\oslib\ccs\free_rtos\</path>
         <kind>archive</kind>
         <file>free_rtos.a</file>
         <name>queue.obj</name>
      </input_file>
      <input_file id="fl-179">
         <path>D:\TI\cc3200-sdk\oslib\ccs\free_rtos\</path>
         <kind>archive</kind>
         <file>free_rtos.a</file>
         <name>tasks.obj</name>
      </input_file>
      <input_file id="fl-17a">
         <path>D:\TI\cc3200-sdk\oslib\ccs\free_rtos\</path>
         <kind>archive</kind>
         <file>free_rtos.a</file>
         <name>heap_3.obj</name>
      </input_file>
      <input_file id="fl-17b">
         <path>D:\TI\cc3200-sdk\oslib\ccs\free_rtos\</path>
         <kind>archive</kind>
         <file>free_rtos.a</file>
         <name>list.obj</name>
      </input_file>
   </input_file_list>
   <object_component_list>
      <object_component id="oc-f">
         <name>.intvecs</name>
         <load_address>0x20004000</load_address>
         <run_address>0x20004000</run_address>
         <size>0x400</size>
         <input_file_ref idref="fl-8"/>
      </object_component>
      <object_component id="oc-c3">
         <name>.text</name>
         <load_address>0x20004400</load_address>
         <run_address>0x20004400</run_address>
         <size>0x138c</size>
         <input_file_ref idref="fl-5"/>
      </object_component>
      <object_component id="oc-87">
         <name>.text</name>
         <load_address>0x2000578c</load_address>
         <run_address>0x2000578c</run_address>
         <size>0x125c</size>
         <input_file_ref idref="fl-179"/>
      </object_component>
      <object_component id="oc-329">
         <name>.text</name>
         <load_address>0x200069e8</load_address>
         <run_address>0x200069e8</run_address>
         <size>0x10a6</size>
         <input_file_ref idref="fl-148"/>
      </object_component>
      <object_component id="oc-632">
         <name>.text:IntDefaultHandler</name>
         <load_address>0x20007a8e</load_address>
         <run_address>0x20007a8e</run_address>
         <size>0x2</size>
         <input_file_ref idref="fl-16b"/>
      </object_component>
      <object_component id="oc-3f3">
         <name>.text</name>
         <load_address>0x20007a90</load_address>
         <run_address>0x20007a90</run_address>
         <size>0xb24</size>
         <input_file_ref idref="fl-178"/>
      </object_component>
      <object_component id="oc-6f1">
         <name>.text:_SlDrvMsgRead</name>
         <load_address>0x200085b4</load_address>
         <run_address>0x200085b4</run_address>
         <size>0x5ec</size>
         <input_file_ref idref="fl-162"/>
      </object_component>
      <object_component id="oc-215">
         <name>.text</name>
         <load_address>0x20008ba0</load_address>
         <run_address>0x20008ba0</run_address>
         <size>0x45c</size>
         <input_file_ref idref="fl-175"/>
      </object_component>
      <object_component id="oc-29d">
         <name>.text</name>
         <load_address>0x20008ffc</load_address>
         <run_address>0x20008ffc</run_address>
         <size>0x3dc</size>
         <input_file_ref idref="fl-13f"/>
      </object_component>
      <object_component id="oc-223">
         <name>.text</name>
         <load_address>0x200093d8</load_address>
         <run_address>0x200093d8</run_address>
         <size>0x394</size>
         <input_file_ref idref="fl-3"/>
      </object_component>
      <object_component id="oc-24a">
         <name>.text</name>
         <load_address>0x2000976c</load_address>
         <run_address>0x2000976c</run_address>
         <size>0x290</size>
         <input_file_ref idref="fl-4"/>
      </object_component>
      <object_component id="oc-18c">
         <name>.text</name>
         <load_address>0x200099fc</load_address>
         <run_address>0x200099fc</run_address>
         <size>0x290</size>
         <input_file_ref idref="fl-9"/>
      </object_component>
      <object_component id="oc-751">
         <name>.text:_SlDrvRxHdrRead</name>
         <load_address>0x20009c8c</load_address>
         <run_address>0x20009c8c</run_address>
         <size>0x248</size>
         <input_file_ref idref="fl-162"/>
      </object_component>
      <object_component id="oc-4ec">
         <name>.text</name>
         <load_address>0x20009ed4</load_address>
         <run_address>0x20009ed4</run_address>
         <size>0x1f4</size>
         <input_file_ref idref="fl-156"/>
      </object_component>
      <object_component id="oc-362">
         <name>.text:_SlDrvReleasePoolObj</name>
         <load_address>0x2000a0c8</load_address>
         <run_address>0x2000a0c8</run_address>
         <size>0x1d0</size>
         <input_file_ref idref="fl-162"/>
      </object_component>
      <object_component id="oc-5f1">
         <name>.text:_SlDrvMsgWrite</name>
         <load_address>0x2000a298</load_address>
         <run_address>0x2000a298</run_address>
         <size>0x1cc</size>
         <input_file_ref idref="fl-162"/>
      </object_component>
      <object_component id="oc-505">
         <name>.text</name>
         <load_address>0x2000a464</load_address>
         <run_address>0x2000a464</run_address>
         <size>0x1b6</size>
         <input_file_ref idref="fl-14e"/>
      </object_component>
      <object_component id="oc-5a1">
         <name>.text:_SlDrvWaitForPoolObj</name>
         <load_address>0x2000a61c</load_address>
         <run_address>0x2000a61c</run_address>
         <size>0x190</size>
         <input_file_ref idref="fl-162"/>
      </object_component>
      <object_component id="oc-338">
         <name>.text:_SlDrvDriverCBInit</name>
         <load_address>0x2000a7ac</load_address>
         <run_address>0x2000a7ac</run_address>
         <size>0x174</size>
         <input_file_ref idref="fl-162"/>
      </object_component>
      <object_component id="oc-763">
         <name>.text:_SlFindAndSetActiveObj</name>
         <load_address>0x2000a920</load_address>
         <run_address>0x2000a920</run_address>
         <size>0x170</size>
         <input_file_ref idref="fl-162"/>
      </object_component>
      <object_component id="oc-33e">
         <name>.text:spi_Open</name>
         <load_address>0x2000aa90</load_address>
         <run_address>0x2000aa90</run_address>
         <size>0x150</size>
         <input_file_ref idref="fl-167"/>
      </object_component>
      <object_component id="oc-182">
         <name>.text</name>
         <load_address>0x2000abe0</load_address>
         <run_address>0x2000abe0</run_address>
         <size>0x136</size>
         <input_file_ref idref="fl-137"/>
      </object_component>
      <object_component id="oc-23b">
         <name>.text:PRCMCC3200MCUInit</name>
         <load_address>0x2000ad18</load_address>
         <run_address>0x2000ad18</run_address>
         <size>0x134</size>
         <input_file_ref idref="fl-16d"/>
      </object_component>
      <object_component id="oc-e2">
         <name>.text</name>
         <load_address>0x2000ae4c</load_address>
         <run_address>0x2000ae4c</run_address>
         <size>0x12a</size>
         <input_file_ref idref="fl-17b"/>
      </object_component>
      <object_component id="oc-38">
         <name>.text</name>
         <load_address>0x2000af78</load_address>
         <run_address>0x2000af78</run_address>
         <size>0x110</size>
         <input_file_ref idref="fl-176"/>
      </object_component>
      <object_component id="oc-692">
         <name>.text</name>
         <load_address>0x2000b088</load_address>
         <run_address>0x2000b088</run_address>
         <size>0x110</size>
         <input_file_ref idref="fl-158"/>
      </object_component>
      <object_component id="oc-7b3">
         <name>.text:_SlDrvNetAppEventHandler</name>
         <load_address>0x2000b198</load_address>
         <run_address>0x2000b198</run_address>
         <size>0xfe</size>
         <input_file_ref idref="fl-163"/>
      </object_component>
      <object_component id="oc-17d">
         <name>.text</name>
         <load_address>0x2000b296</load_address>
         <run_address>0x2000b296</run_address>
         <size>0xfc</size>
         <input_file_ref idref="fl-138"/>
      </object_component>
      <object_component id="oc-394">
         <name>.text:_SlDrvDriverCBDeinit</name>
         <load_address>0x2000b394</load_address>
         <run_address>0x2000b394</run_address>
         <size>0xf4</size>
         <input_file_ref idref="fl-162"/>
      </object_component>
      <object_component id="oc-830">
         <name>.text:uDMAChannelTransferSet</name>
         <load_address>0x2000b488</load_address>
         <run_address>0x2000b488</run_address>
         <size>0xf0</size>
         <input_file_ref idref="fl-171"/>
      </object_component>
      <object_component id="oc-21b">
         <name>.text</name>
         <load_address>0x2000b578</load_address>
         <run_address>0x2000b578</run_address>
         <size>0xe8</size>
         <input_file_ref idref="fl-7"/>
      </object_component>
      <object_component id="oc-75d">
         <name>.text:spi_Read</name>
         <load_address>0x2000b660</load_address>
         <run_address>0x2000b660</run_address>
         <size>0xdc</size>
         <input_file_ref idref="fl-167"/>
      </object_component>
      <object_component id="oc-757">
         <name>.text:_SlDrvClassifyRxMsg</name>
         <load_address>0x2000b73c</load_address>
         <run_address>0x2000b73c</run_address>
         <size>0xd8</size>
         <input_file_ref idref="fl-162"/>
      </object_component>
      <object_component id="oc-1c6">
         <name>.text:sl_Stop</name>
         <load_address>0x2000b814</load_address>
         <run_address>0x2000b814</run_address>
         <size>0xd4</size>
         <input_file_ref idref="fl-161"/>
      </object_component>
      <object_component id="oc-7fa">
         <name>.text:_sl_HandleAsync_DnsGetHostByService</name>
         <load_address>0x2000b8e8</load_address>
         <run_address>0x2000b8e8</run_address>
         <size>0xc8</size>
         <input_file_ref idref="fl-163"/>
      </object_component>
      <object_component id="oc-5ca">
         <name>.text:_SlRemoveFromList</name>
         <load_address>0x2000b9b0</load_address>
         <run_address>0x2000b9b0</run_address>
         <size>0xc4</size>
         <input_file_ref idref="fl-162"/>
      </object_component>
      <object_component id="oc-724">
         <name>.text</name>
         <load_address>0x2000ba74</load_address>
         <run_address>0x2000ba74</run_address>
         <size>0xbe</size>
         <input_file_ref idref="fl-160"/>
      </object_component>
      <object_component id="oc-5f7">
         <name>.text:_SlDrvMsgReadCmdCtx</name>
         <load_address>0x2000bb34</load_address>
         <run_address>0x2000bb34</run_address>
         <size>0xbc</size>
         <input_file_ref idref="fl-162"/>
      </object_component>
      <object_component id="oc-1ba">
         <name>.text:sl_Start</name>
         <load_address>0x2000bbf0</load_address>
         <run_address>0x2000bbf0</run_address>
         <size>0xbc</size>
         <input_file_ref idref="fl-161"/>
      </object_component>
      <object_component id="oc-33">
         <name>.text</name>
         <load_address>0x2000bcac</load_address>
         <run_address>0x2000bcac</run_address>
         <size>0xba</size>
         <input_file_ref idref="fl-177"/>
      </object_component>
      <object_component id="oc-6f7">
         <name>.text:_SlAsyncEventGenericHandler</name>
         <load_address>0x2000bd68</load_address>
         <run_address>0x2000bd68</run_address>
         <size>0xb8</size>
         <input_file_ref idref="fl-162"/>
      </object_component>
      <object_component id="oc-3c3">
         <name>.text:sl_NetAppMDNSRegisterUnregisterService</name>
         <load_address>0x2000be20</load_address>
         <run_address>0x2000be20</run_address>
         <size>0xb4</size>
         <input_file_ref idref="fl-163"/>
      </object_component>
      <object_component id="oc-3e7">
         <name>.text:IntDisable</name>
         <load_address>0x2000bed4</load_address>
         <run_address>0x2000bed4</run_address>
         <size>0xa8</size>
         <input_file_ref idref="fl-16b"/>
      </object_component>
      <object_component id="oc-235">
         <name>.text:IntEnable</name>
         <load_address>0x2000bf7c</load_address>
         <run_address>0x2000bf7c</run_address>
         <size>0xa8</size>
         <input_file_ref idref="fl-16b"/>
      </object_component>
      <object_component id="oc-55c">
         <name>.text:SPIConfigSetExpClk</name>
         <load_address>0x2000c024</load_address>
         <run_address>0x2000c024</run_address>
         <size>0xa0</size>
         <input_file_ref idref="fl-16e"/>
      </object_component>
      <object_component id="oc-5dd">
         <name>.text:_SlDrvMsgReadSpawnCtx</name>
         <load_address>0x2000c0c4</load_address>
         <run_address>0x2000c0c4</run_address>
         <size>0x9c</size>
         <input_file_ref idref="fl-162"/>
      </object_component>
      <object_component id="oc-41">
         <name>.text</name>
         <load_address>0x2000c160</load_address>
         <run_address>0x2000c160</run_address>
         <size>0x9c</size>
         <input_file_ref idref="fl-13d"/>
      </object_component>
      <object_component id="oc-1cc">
         <name>.text:sl_DevGet</name>
         <load_address>0x2000c1fc</load_address>
         <run_address>0x2000c1fc</run_address>
         <size>0x9c</size>
         <input_file_ref idref="fl-161"/>
      </object_component>
      <object_component id="oc-25c">
         <name>.text:PRCMPeripheralClockGet</name>
         <load_address>0x2000c298</load_address>
         <run_address>0x2000c298</run_address>
         <size>0x94</size>
         <input_file_ref idref="fl-16d"/>
      </object_component>
      <object_component id="oc-20f">
         <name>.text:sl_WlanGet</name>
         <load_address>0x2000c32c</load_address>
         <run_address>0x2000c32c</run_address>
         <size>0x94</size>
         <input_file_ref idref="fl-166"/>
      </object_component>
      <object_component id="oc-3fd">
         <name>.text:sl_WlanSmartConfigStart</name>
         <load_address>0x2000c3c0</load_address>
         <run_address>0x2000c3c0</run_address>
         <size>0x90</size>
         <input_file_ref idref="fl-166"/>
      </object_component>
      <object_component id="oc-7c0">
         <name>.text:SetupDMAReceive</name>
         <load_address>0x2000c450</load_address>
         <run_address>0x2000c450</run_address>
         <size>0x8c</size>
         <input_file_ref idref="fl-167"/>
      </object_component>
      <object_component id="oc-76e">
         <name>.text:SetupDMASend</name>
         <load_address>0x2000c4dc</load_address>
         <run_address>0x2000c4dc</run_address>
         <size>0x8c</size>
         <input_file_ref idref="fl-167"/>
      </object_component>
      <object_component id="oc-7f4">
         <name>.text:_sl_HandleAsync_DnsGetHostByName</name>
         <load_address>0x2000c568</load_address>
         <run_address>0x2000c568</run_address>
         <size>0x8c</size>
         <input_file_ref idref="fl-163"/>
      </object_component>
      <object_component id="oc-7b9">
         <name>.text:_sl_HandleAsync_PingResponse</name>
         <load_address>0x2000c5f4</load_address>
         <run_address>0x2000c5f4</run_address>
         <size>0x8c</size>
         <input_file_ref idref="fl-163"/>
      </object_component>
      <object_component id="oc-6ff">
         <name>.text:spi_Write</name>
         <load_address>0x2000c680</load_address>
         <run_address>0x2000c680</run_address>
         <size>0x8c</size>
         <input_file_ref idref="fl-167"/>
      </object_component>
      <object_component id="oc-250">
         <name>.text:PinConfigSet</name>
         <load_address>0x2000c70c</load_address>
         <run_address>0x2000c70c</run_address>
         <size>0x88</size>
         <input_file_ref idref="fl-16c"/>
      </object_component>
      <object_component id="oc-2e8">
         <name>.text</name>
         <load_address>0x2000c794</load_address>
         <run_address>0x2000c794</run_address>
         <size>0x88</size>
         <input_file_ref idref="fl-146"/>
      </object_component>
      <object_component id="oc-4f1">
         <name>.text:__aeabi_cdcmple</name>
         <load_address>0x2000c81c</load_address>
         <run_address>0x2000c81c</run_address>
         <size>0x86</size>
         <input_file_ref idref="fl-14f"/>
      </object_component>
      <object_component id="oc-4f6">
         <name>.text:__aeabi_cdrcmple</name>
         <load_address>0x2000c8a2</load_address>
         <run_address>0x2000c8a2</run_address>
         <size>0x86</size>
         <input_file_ref idref="fl-14f"/>
      </object_component>
      <object_component id="oc-4a9">
         <name>.text:I2CMasterInitExpClk</name>
         <load_address>0x2000c928</load_address>
         <run_address>0x2000c928</run_address>
         <size>0x84</size>
         <input_file_ref idref="fl-16a"/>
      </object_component>
      <object_component id="oc-332">
         <name>.text:NwpPowerOnPreamble</name>
         <load_address>0x2000c9ac</load_address>
         <run_address>0x2000c9ac</run_address>
         <size>0x84</size>
         <input_file_ref idref="fl-167"/>
      </object_component>
      <object_component id="oc-40c">
         <name>.text:GPIOIntTypeSet</name>
         <load_address>0x2000ca30</load_address>
         <run_address>0x2000ca30</run_address>
         <size>0x82</size>
         <input_file_ref idref="fl-169"/>
      </object_component>
      <object_component id="oc-37e">
         <name>.text:_SlDrvCmdOp</name>
         <load_address>0x2000cab4</load_address>
         <run_address>0x2000cab4</run_address>
         <size>0x80</size>
         <input_file_ref idref="fl-162"/>
      </object_component>
      <object_component id="oc-7c6">
         <name>.text:spi_Read_CPU</name>
         <load_address>0x2000cb34</load_address>
         <run_address>0x2000cb34</run_address>
         <size>0x80</size>
         <input_file_ref idref="fl-167"/>
      </object_component>
      <object_component id="oc-780">
         <name>.text:spi_Write_CPU</name>
         <load_address>0x2000cbb4</load_address>
         <run_address>0x2000cbb4</run_address>
         <size>0x80</size>
         <input_file_ref idref="fl-167"/>
      </object_component>
      <object_component id="oc-787">
         <name>.text:_sl_HandleAsync_InitComplete</name>
         <load_address>0x2000cc34</load_address>
         <run_address>0x2000cc34</run_address>
         <size>0x7c</size>
         <input_file_ref idref="fl-161"/>
      </object_component>
      <object_component id="oc-5a">
         <name>.text</name>
         <load_address>0x2000ccb0</load_address>
         <run_address>0x2000ccb0</run_address>
         <size>0x7a</size>
         <input_file_ref idref="fl-140"/>
      </object_component>
      <object_component id="oc-816">
         <name>.text:_sl_HandleAsync_Connect</name>
         <load_address>0x2000cd2c</load_address>
         <run_address>0x2000cd2c</run_address>
         <size>0x78</size>
         <input_file_ref idref="fl-165"/>
      </object_component>
      <object_component id="oc-1b3">
         <name>.text</name>
         <load_address>0x2000cda4</load_address>
         <run_address>0x2000cda4</run_address>
         <size>0x78</size>
         <input_file_ref idref="fl-2"/>
      </object_component>
      <object_component id="oc-38e">
         <name>.text:spi_Close</name>
         <load_address>0x2000ce1c</load_address>
         <run_address>0x2000ce1c</run_address>
         <size>0x78</size>
         <input_file_ref idref="fl-167"/>
      </object_component>
      <object_component id="oc-262">
         <name>.text:UARTConfigSetExpClk</name>
         <load_address>0x2000ce94</load_address>
         <run_address>0x2000ce94</run_address>
         <size>0x76</size>
         <input_file_ref idref="fl-170"/>
      </object_component>
      <object_component id="oc-84d">
         <name>.text:_SlDrvCmdSend</name>
         <load_address>0x2000cf0c</load_address>
         <run_address>0x2000cf0c</run_address>
         <size>0x6c</size>
         <input_file_ref idref="fl-162"/>
      </object_component>
      <object_component id="oc-6c">
         <name>.text</name>
         <load_address>0x2000cf78</load_address>
         <run_address>0x2000cf78</run_address>
         <size>0x6c</size>
         <input_file_ref idref="fl-14b"/>
      </object_component>
      <object_component id="oc-244">
         <name>.text</name>
         <load_address>0x2000cfe4</load_address>
         <run_address>0x2000cfe4</run_address>
         <size>0x6a</size>
         <input_file_ref idref="fl-6"/>
      </object_component>
      <object_component id="oc-4d">
         <name>.text</name>
         <load_address>0x2000d04e</load_address>
         <run_address>0x2000d04e</run_address>
         <size>0x6a</size>
         <input_file_ref idref="fl-134"/>
      </object_component>
      <object_component id="oc-800">
         <name>.text:_sl_NetAppSendTokenValue</name>
         <load_address>0x2000d0b8</load_address>
         <run_address>0x2000d0b8</run_address>
         <size>0x68</size>
         <input_file_ref idref="fl-163"/>
      </object_component>
      <object_component id="oc-1e4">
         <name>.text:sl_NetCfgSet</name>
         <load_address>0x2000d120</load_address>
         <run_address>0x2000d120</run_address>
         <size>0x68</size>
         <input_file_ref idref="fl-164"/>
      </object_component>
      <object_component id="oc-1ea">
         <name>.text:sl_WlanSet</name>
         <load_address>0x2000d188</load_address>
         <run_address>0x2000d188</run_address>
         <size>0x68</size>
         <input_file_ref idref="fl-166"/>
      </object_component>
      <object_component id="oc-68a">
         <name>.text</name>
         <load_address>0x2000d1f0</load_address>
         <run_address>0x2000d1f0</run_address>
         <size>0x66</size>
         <input_file_ref idref="fl-159"/>
      </object_component>
      <object_component id="oc-6c2">
         <name>.text:uDMAChannelAttributeDisable</name>
         <load_address>0x2000d258</load_address>
         <run_address>0x2000d258</run_address>
         <size>0x64</size>
         <input_file_ref idref="fl-171"/>
      </object_component>
      <object_component id="oc-82a">
         <name>.text:uDMAChannelAttributeEnable</name>
         <load_address>0x2000d2bc</load_address>
         <run_address>0x2000d2bc</run_address>
         <size>0x64</size>
         <input_file_ref idref="fl-171"/>
      </object_component>
      <object_component id="oc-810">
         <name>.text:_sl_HandleAsync_Accept</name>
         <load_address>0x2000d320</load_address>
         <run_address>0x2000d320</run_address>
         <size>0x60</size>
         <input_file_ref idref="fl-165"/>
      </object_component>
      <object_component id="oc-1ad">
         <name>.text</name>
         <load_address>0x2000d380</load_address>
         <run_address>0x2000d380</run_address>
         <size>0x60</size>
         <input_file_ref idref="fl-142"/>
      </object_component>
      <object_component id="oc-1d2">
         <name>.text:sl_WlanPolicySet</name>
         <load_address>0x2000d3e0</load_address>
         <run_address>0x2000d3e0</run_address>
         <size>0x60</size>
         <input_file_ref idref="fl-166"/>
      </object_component>
      <object_component id="oc-5bb">
         <name>.text:IntPendClear</name>
         <load_address>0x2000d440</load_address>
         <run_address>0x2000d440</run_address>
         <size>0x58</size>
         <input_file_ref idref="fl-16b"/>
      </object_component>
      <object_component id="oc-256">
         <name>.text:PRCMPeripheralReset</name>
         <load_address>0x2000d498</load_address>
         <run_address>0x2000d498</run_address>
         <size>0x58</size>
         <input_file_ref idref="fl-16d"/>
      </object_component>
      <object_component id="oc-1a1">
         <name>.text</name>
         <load_address>0x2000d4f0</load_address>
         <run_address>0x2000d4f0</run_address>
         <size>0x56</size>
         <input_file_ref idref="fl-13b"/>
      </object_component>
      <object_component id="oc-3e1">
         <name>.text:IntPrioritySet</name>
         <load_address>0x2000d548</load_address>
         <run_address>0x2000d548</run_address>
         <size>0x54</size>
         <input_file_ref idref="fl-16b"/>
      </object_component>
      <object_component id="oc-81c">
         <name>.text:_sl_HandleAsync_Select</name>
         <load_address>0x2000d59c</load_address>
         <run_address>0x2000d59c</run_address>
         <size>0x54</size>
         <input_file_ref idref="fl-165"/>
      </object_component>
      <object_component id="oc-1f9">
         <name>.text:sl_WlanRxFilterSet</name>
         <load_address>0x2000d5f0</load_address>
         <run_address>0x2000d5f0</run_address>
         <size>0x54</size>
         <input_file_ref idref="fl-166"/>
      </object_component>
      <object_component id="oc-78d">
         <name>.text:_sl_HandleAsync_Stop</name>
         <load_address>0x2000d644</load_address>
         <run_address>0x2000d644</run_address>
         <size>0x50</size>
         <input_file_ref idref="fl-161"/>
      </object_component>
      <object_component id="oc-580">
         <name>.text:SPIIntEnable</name>
         <load_address>0x2000d694</load_address>
         <run_address>0x2000d694</run_address>
         <size>0x4c</size>
         <input_file_ref idref="fl-16e"/>
      </object_component>
      <object_component id="oc-344">
         <name>.text:_SlDrvProtectAsyncRespSetting</name>
         <load_address>0x2000d6e0</load_address>
         <run_address>0x2000d6e0</run_address>
         <size>0x4c</size>
         <input_file_ref idref="fl-162"/>
      </object_component>
      <object_component id="oc-371">
         <name>.text:_SlDrvRxIrqHandler</name>
         <load_address>0x2000d72c</load_address>
         <run_address>0x2000d72c</run_address>
         <size>0x4c</size>
         <input_file_ref idref="fl-162"/>
      </object_component>
      <object_component id="oc-528">
         <name>.text</name>
         <load_address>0x2000d778</load_address>
         <run_address>0x2000d778</run_address>
         <size>0x4c</size>
         <input_file_ref idref="fl-14a"/>
      </object_component>
      <object_component id="oc-bb">
         <name>.text</name>
         <load_address>0x2000d7c4</load_address>
         <run_address>0x2000d7c4</run_address>
         <size>0x4c</size>
         <input_file_ref idref="fl-14c"/>
      </object_component>
      <object_component id="oc-6bc">
         <name>.text:uDMAChannelAssign</name>
         <load_address>0x2000d810</load_address>
         <run_address>0x2000d810</run_address>
         <size>0x4c</size>
         <input_file_ref idref="fl-171"/>
      </object_component>
      <object_component id="oc-6d8">
         <name>.text:SPIIntClear</name>
         <load_address>0x2000d85c</load_address>
         <run_address>0x2000d85c</run_address>
         <size>0x48</size>
         <input_file_ref idref="fl-16e"/>
      </object_component>
      <object_component id="oc-3b1">
         <name>.text:_SlDrvBasicCmd</name>
         <load_address>0x2000d8a4</load_address>
         <run_address>0x2000d8a4</run_address>
         <size>0x48</size>
         <input_file_ref idref="fl-162"/>
      </object_component>
      <object_component id="oc-4fb">
         <name>.text</name>
         <load_address>0x2000d8ec</load_address>
         <run_address>0x2000d8ec</run_address>
         <size>0x48</size>
         <input_file_ref idref="fl-150"/>
      </object_component>
      <object_component id="oc-187">
         <name>.text</name>
         <load_address>0x2000d934</load_address>
         <run_address>0x2000d934</run_address>
         <size>0x48</size>
         <input_file_ref idref="fl-139"/>
      </object_component>
      <object_component id="oc-510">
         <name>.text</name>
         <load_address>0x2000d97c</load_address>
         <run_address>0x2000d97c</run_address>
         <size>0x46</size>
         <input_file_ref idref="fl-153"/>
      </object_component>
      <object_component id="oc-6cc">
         <name>.text:SPIDmaMaskGet</name>
         <load_address>0x2000d9c4</load_address>
         <run_address>0x2000d9c4</run_address>
         <size>0x44</size>
         <input_file_ref idref="fl-16e"/>
      </object_component>
      <object_component id="oc-125">
         <name>.text:TimerConfigure</name>
         <load_address>0x2000da08</load_address>
         <run_address>0x2000da08</run_address>
         <size>0x44</size>
         <input_file_ref idref="fl-16f"/>
      </object_component>
      <object_component id="oc-7d3">
         <name>.text:cc_SetupTransfer</name>
         <load_address>0x2000da4c</load_address>
         <run_address>0x2000da4c</run_address>
         <size>0x44</size>
         <input_file_ref idref="fl-167"/>
      </object_component>
      <object_component id="oc-78">
         <name>.text</name>
         <load_address>0x2000da90</load_address>
         <run_address>0x2000da90</run_address>
         <size>0x44</size>
         <input_file_ref idref="fl-136"/>
      </object_component>
      <object_component id="oc-654">
         <name>.text:PinModeSet</name>
         <load_address>0x2000dad4</load_address>
         <run_address>0x2000dad4</run_address>
         <size>0x40</size>
         <input_file_ref idref="fl-16c"/>
      </object_component>
      <object_component id="oc-7e1">
         <name>.text</name>
         <load_address>0x2000db14</load_address>
         <run_address>0x2000db14</run_address>
         <size>0x40</size>
         <input_file_ref idref="fl-15f"/>
      </object_component>
      <object_component id="oc-807">
         <name>.text:CopyPingResultsToReport</name>
         <load_address>0x2000db54</load_address>
         <run_address>0x2000db54</run_address>
         <size>0x3c</size>
         <input_file_ref idref="fl-163"/>
      </object_component>
      <object_component id="oc-13d">
         <name>.text:PRCMPeripheralClkEnable</name>
         <load_address>0x2000db90</load_address>
         <run_address>0x2000db90</run_address>
         <size>0x3c</size>
         <input_file_ref idref="fl-16d"/>
      </object_component>
      <object_component id="oc-24">
         <name>.text</name>
         <load_address>0x2000dbcc</load_address>
         <run_address>0x2000dbcc</run_address>
         <size>0x3c</size>
         <input_file_ref idref="fl-132"/>
      </object_component>
      <object_component id="oc-824">
         <name>.text:uDMAChannelControlSet</name>
         <load_address>0x2000dc08</load_address>
         <run_address>0x2000dc08</run_address>
         <size>0x3c</size>
         <input_file_ref idref="fl-171"/>
      </object_component>
      <object_component id="oc-161">
         <name>.text:ADCChannelEnable</name>
         <load_address>0x2000dc44</load_address>
         <run_address>0x2000dc44</run_address>
         <size>0x38</size>
         <input_file_ref idref="fl-168"/>
      </object_component>
      <object_component id="oc-34a">
         <name>.text:NwpPowerOff</name>
         <load_address>0x2000dc7c</load_address>
         <run_address>0x2000dc7c</run_address>
         <size>0x38</size>
         <input_file_ref idref="fl-167"/>
      </object_component>
      <object_component id="oc-f2">
         <name>.text</name>
         <load_address>0x2000dcb4</load_address>
         <run_address>0x2000dcb4</run_address>
         <size>0x38</size>
         <input_file_ref idref="fl-17a"/>
      </object_component>
      <object_component id="oc-178">
         <name>.text</name>
         <load_address>0x2000dcec</load_address>
         <run_address>0x2000dcec</run_address>
         <size>0x38</size>
         <input_file_ref idref="fl-13a"/>
      </object_component>
      <object_component id="oc-466">
         <name>.text:GPIODirModeSet</name>
         <load_address>0x2000dd24</load_address>
         <run_address>0x2000dd24</run_address>
         <size>0x36</size>
         <input_file_ref idref="fl-169"/>
      </object_component>
      <object_component id="oc-131">
         <name>.text:TimerControlLevel</name>
         <load_address>0x2000dd5a</load_address>
         <run_address>0x2000dd5a</run_address>
         <size>0x36</size>
         <input_file_ref idref="fl-16f"/>
      </object_component>
      <object_component id="oc-1f0">
         <name>.text:sl_NetAppMDNSUnRegisterService</name>
         <load_address>0x2000dd90</load_address>
         <run_address>0x2000dd90</run_address>
         <size>0x36</size>
         <input_file_ref idref="fl-163"/>
      </object_component>
      <object_component id="oc-562">
         <name>.text:PRCMPeripheralStatusGet</name>
         <load_address>0x2000ddc8</load_address>
         <run_address>0x2000ddc8</run_address>
         <size>0x34</size>
         <input_file_ref idref="fl-16d"/>
      </object_component>
      <object_component id="oc-57a">
         <name>.text:SPIFIFOLevelSet</name>
         <load_address>0x2000ddfc</load_address>
         <run_address>0x2000ddfc</run_address>
         <size>0x34</size>
         <input_file_ref idref="fl-16e"/>
      </object_component>
      <object_component id="oc-733">
         <name>.text</name>
         <load_address>0x2000de30</load_address>
         <run_address>0x2000de30</run_address>
         <size>0x34</size>
         <input_file_ref idref="fl-15d"/>
      </object_component>
      <object_component id="oc-460">
         <name>.text:PinTypeGPIO</name>
         <load_address>0x2000de64</load_address>
         <run_address>0x2000de64</run_address>
         <size>0x30</size>
         <input_file_ref idref="fl-16c"/>
      </object_component>
      <object_component id="oc-4b8">
         <name>.text:UARTDisable</name>
         <load_address>0x2000de94</load_address>
         <run_address>0x2000de94</run_address>
         <size>0x30</size>
         <input_file_ref idref="fl-170"/>
      </object_component>
      <object_component id="oc-70a">
         <name>.text:_SlDrvDeviceEventHandler</name>
         <load_address>0x2000dec4</load_address>
         <run_address>0x2000dec4</run_address>
         <size>0x30</size>
         <input_file_ref idref="fl-161"/>
      </object_component>
      <object_component id="oc-698">
         <name>.text</name>
         <load_address>0x2000def4</load_address>
         <run_address>0x2000def4</run_address>
         <size>0x30</size>
         <input_file_ref idref="fl-15a"/>
      </object_component>
      <object_component id="oc-1d8">
         <name>.text:sl_WlanProfileDel</name>
         <load_address>0x2000df24</load_address>
         <run_address>0x2000df24</run_address>
         <size>0x30</size>
         <input_file_ref idref="fl-166"/>
      </object_component>
      <object_component id="oc-1c0">
         <name>.text:sl_WlanSetMode</name>
         <load_address>0x2000df54</load_address>
         <run_address>0x2000df54</run_address>
         <size>0x30</size>
         <input_file_ref idref="fl-166"/>
      </object_component>
      <object_component id="oc-500">
         <name>.text</name>
         <load_address>0x2000df84</load_address>
         <run_address>0x2000df84</run_address>
         <size>0x2e</size>
         <input_file_ref idref="fl-152"/>
      </object_component>
      <object_component id="oc-7a1">
         <name>.text</name>
         <load_address>0x2000dfb2</load_address>
         <run_address>0x2000dfb2</run_address>
         <size>0x2e</size>
         <input_file_ref idref="fl-15e"/>
      </object_component>
      <object_component id="oc-592">
         <name>.text:DmaSpiSwIntHandler</name>
         <load_address>0x2000dfe0</load_address>
         <run_address>0x2000dfe0</run_address>
         <size>0x2c</size>
         <input_file_ref idref="fl-167"/>
      </object_component>
      <object_component id="oc-491">
         <name>.text:I2CMasterErr</name>
         <load_address>0x2000e00c</load_address>
         <run_address>0x2000e00c</run_address>
         <size>0x2c</size>
         <input_file_ref idref="fl-16a"/>
      </object_component>
      <object_component id="oc-356">
         <name>.text:NwpPowerOn</name>
         <load_address>0x2000e038</load_address>
         <run_address>0x2000e038</run_address>
         <size>0x2c</size>
         <input_file_ref idref="fl-167"/>
      </object_component>
      <object_component id="oc-451">
         <name>.text:PRCMSysResetCauseGet</name>
         <load_address>0x2000e064</load_address>
         <run_address>0x2000e064</run_address>
         <size>0x2c</size>
         <input_file_ref idref="fl-16d"/>
      </object_component>
      <object_component id="oc-137">
         <name>.text:TimerLoadSet</name>
         <load_address>0x2000e090</load_address>
         <run_address>0x2000e090</run_address>
         <size>0x2a</size>
         <input_file_ref idref="fl-16f"/>
      </object_component>
      <object_component id="oc-11f">
         <name>.text:TimerMatchSet</name>
         <load_address>0x2000e0ba</load_address>
         <run_address>0x2000e0ba</run_address>
         <size>0x2a</size>
         <input_file_ref idref="fl-16f"/>
      </object_component>
      <object_component id="oc-12b">
         <name>.text:TimerPrescaleSet</name>
         <load_address>0x2000e0e4</load_address>
         <run_address>0x2000e0e4</run_address>
         <size>0x2a</size>
         <input_file_ref idref="fl-16f"/>
      </object_component>
      <object_component id="oc-51c">
         <name>.text</name>
         <load_address>0x2000e10e</load_address>
         <run_address>0x2000e10e</run_address>
         <size>0x2a</size>
         <input_file_ref idref="fl-157"/>
      </object_component>
      <object_component id="oc-44b">
         <name>.text:PRCMPeripheralClkDisable</name>
         <load_address>0x2000e138</load_address>
         <run_address>0x2000e138</run_address>
         <size>0x28</size>
         <input_file_ref idref="fl-16d"/>
      </object_component>
      <object_component id="oc-209">
         <name>.text:sl_NetAppStart</name>
         <load_address>0x2000e160</load_address>
         <run_address>0x2000e160</run_address>
         <size>0x28</size>
         <input_file_ref idref="fl-163"/>
      </object_component>
      <object_component id="oc-203">
         <name>.text:sl_NetAppStop</name>
         <load_address>0x2000e188</load_address>
         <run_address>0x2000e188</run_address>
         <size>0x28</size>
         <input_file_ref idref="fl-163"/>
      </object_component>
      <object_component id="oc-350">
         <name>.text:NwpRegisterInterruptHandler</name>
         <load_address>0x2000e1b0</load_address>
         <run_address>0x2000e1b0</run_address>
         <size>0x26</size>
         <input_file_ref idref="fl-167"/>
      </object_component>
      <object_component id="oc-3ed">
         <name>.text:IntUnregister</name>
         <load_address>0x2000e1d8</load_address>
         <run_address>0x2000e1d8</run_address>
         <size>0x24</size>
         <input_file_ref idref="fl-16b"/>
      </object_component>
      <object_component id="oc-4be">
         <name>.text:UARTEnable</name>
         <load_address>0x2000e1fc</load_address>
         <run_address>0x2000e1fc</run_address>
         <size>0x24</size>
         <input_file_ref idref="fl-170"/>
      </object_component>
      <object_component id="oc-5a7">
         <name>.text:_SlDrvProtectionObjLockWaitForever</name>
         <load_address>0x2000e220</load_address>
         <run_address>0x2000e220</run_address>
         <size>0x24</size>
         <input_file_ref idref="fl-162"/>
      </object_component>
      <object_component id="oc-2fa">
         <name>.text</name>
         <load_address>0x2000e244</load_address>
         <run_address>0x2000e244</run_address>
         <size>0x24</size>
         <input_file_ref idref="fl-13e"/>
      </object_component>
      <object_component id="oc-173">
         <name>.text</name>
         <load_address>0x2000e268</load_address>
         <run_address>0x2000e268</run_address>
         <size>0x24</size>
         <input_file_ref idref="fl-145"/>
      </object_component>
      <object_component id="oc-14f">
         <name>.text:ADCTimerConfig</name>
         <load_address>0x2000e28c</load_address>
         <run_address>0x2000e28c</run_address>
         <size>0x22</size>
         <input_file_ref idref="fl-168"/>
      </object_component>
      <object_component id="oc-497">
         <name>.text:I2CMasterSlaveAddrSet</name>
         <load_address>0x2000e2ae</load_address>
         <run_address>0x2000e2ae</run_address>
         <size>0x22</size>
         <input_file_ref idref="fl-16a"/>
      </object_component>
      <object_component id="oc-556">
         <name>.text:SPIReset</name>
         <load_address>0x2000e2d0</load_address>
         <run_address>0x2000e2d0</run_address>
         <size>0x22</size>
         <input_file_ref idref="fl-16e"/>
      </object_component>
      <object_component id="oc-77a">
         <name>.text:SPIWordCountSet</name>
         <load_address>0x2000e2f2</load_address>
         <run_address>0x2000e2f2</run_address>
         <size>0x22</size>
         <input_file_ref idref="fl-16e"/>
      </object_component>
      <object_component id="oc-50a">
         <name>.text</name>
         <load_address>0x2000e314</load_address>
         <run_address>0x2000e314</run_address>
         <size>0x22</size>
         <input_file_ref idref="fl-151"/>
      </object_component>
      <object_component id="oc-19b">
         <name>.text</name>
         <load_address>0x2000e336</load_address>
         <run_address>0x2000e336</run_address>
         <size>0x22</size>
         <input_file_ref idref="fl-13c"/>
      </object_component>
      <object_component id="oc-41e">
         <name>.text:GPIOPinWrite</name>
         <load_address>0x2000e358</load_address>
         <run_address>0x2000e358</run_address>
         <size>0x20</size>
         <input_file_ref idref="fl-169"/>
      </object_component>
      <object_component id="oc-3db">
         <name>.text:IntRegister</name>
         <load_address>0x2000e378</load_address>
         <run_address>0x2000e378</run_address>
         <size>0x20</size>
         <input_file_ref idref="fl-16b"/>
      </object_component>
      <object_component id="oc-5ad">
         <name>.text:_SlDrvProtectionObjUnLock</name>
         <load_address>0x2000e398</load_address>
         <run_address>0x2000e398</run_address>
         <size>0x20</size>
         <input_file_ref idref="fl-162"/>
      </object_component>
      <object_component id="oc-479">
         <name>.text:I2CMasterIntStatusEx</name>
         <load_address>0x2000e3b8</load_address>
         <run_address>0x2000e3b8</run_address>
         <size>0x1e</size>
         <input_file_ref idref="fl-16a"/>
      </object_component>
      <object_component id="oc-143">
         <name>.text:TimerEnable</name>
         <load_address>0x2000e3d6</load_address>
         <run_address>0x2000e3d6</run_address>
         <size>0x1e</size>
         <input_file_ref idref="fl-16f"/>
      </object_component>
      <object_component id="oc-2e2">
         <name>.text:UARTCharPut</name>
         <load_address>0x2000e3f4</load_address>
         <run_address>0x2000e3f4</run_address>
         <size>0x1e</size>
         <input_file_ref idref="fl-170"/>
      </object_component>
      <object_component id="oc-568">
         <name>.text:cc_UDMAChannelSelect</name>
         <load_address>0x2000e412</load_address>
         <run_address>0x2000e412</run_address>
         <size>0x1e</size>
         <input_file_ref idref="fl-167"/>
      </object_component>
      <object_component id="oc-167">
         <name>.text:ADCFIFOLvlGet</name>
         <load_address>0x2000e430</load_address>
         <run_address>0x2000e430</run_address>
         <size>0x1c</size>
         <input_file_ref idref="fl-168"/>
      </object_component>
      <object_component id="oc-472">
         <name>.text:PinTypeI2C</name>
         <load_address>0x2000e44c</load_address>
         <run_address>0x2000e44c</run_address>
         <size>0x1c</size>
         <input_file_ref idref="fl-16c"/>
      </object_component>
      <object_component id="oc-2f4">
         <name>.text:UARTCharGetNonBlocking</name>
         <load_address>0x2000e468</load_address>
         <run_address>0x2000e468</run_address>
         <size>0x1c</size>
         <input_file_ref idref="fl-170"/>
      </object_component>
      <object_component id="oc-5eb">
         <name>.text:_SlDrvObjLockWaitForever</name>
         <load_address>0x2000e484</load_address>
         <run_address>0x2000e484</run_address>
         <size>0x1c</size>
         <input_file_ref idref="fl-162"/>
      </object_component>
      <object_component id="oc-35c">
         <name>.text:_SlDrvSyncObjWaitForever</name>
         <load_address>0x2000e4a0</load_address>
         <run_address>0x2000e4a0</run_address>
         <size>0x1c</size>
         <input_file_ref idref="fl-162"/>
      </object_component>
      <object_component id="oc-522">
         <name>.text</name>
         <load_address>0x2000e4bc</load_address>
         <run_address>0x2000e4bc</run_address>
         <size>0x1c</size>
         <input_file_ref idref="fl-154"/>
      </object_component>
      <object_component id="oc-836">
         <name>.text:uDMAChannelEnable</name>
         <load_address>0x2000e4d8</load_address>
         <run_address>0x2000e4d8</run_address>
         <size>0x1c</size>
         <input_file_ref idref="fl-171"/>
      </object_component>
      <object_component id="oc-418">
         <name>.text:GPIOIntEnable</name>
         <load_address>0x2000e4f4</load_address>
         <run_address>0x2000e4f4</run_address>
         <size>0x1a</size>
         <input_file_ref idref="fl-169"/>
      </object_component>
      <object_component id="oc-46c">
         <name>.text:PinTypeTimer</name>
         <load_address>0x2000e50e</load_address>
         <run_address>0x2000e50e</run_address>
         <size>0x1a</size>
         <input_file_ref idref="fl-16c"/>
      </object_component>
      <object_component id="oc-45a">
         <name>.text:PinTypeUART</name>
         <load_address>0x2000e528</load_address>
         <run_address>0x2000e528</run_address>
         <size>0x1a</size>
         <input_file_ref idref="fl-16c"/>
      </object_component>
      <object_component id="oc-60e">
         <name>.text:SPIDmaDisable</name>
         <load_address>0x2000e542</load_address>
         <run_address>0x2000e542</run_address>
         <size>0x1a</size>
         <input_file_ref idref="fl-16e"/>
      </object_component>
      <object_component id="oc-574">
         <name>.text:SPIDmaEnable</name>
         <load_address>0x2000e55c</load_address>
         <run_address>0x2000e55c</run_address>
         <size>0x1a</size>
         <input_file_ref idref="fl-16e"/>
      </object_component>
      <object_component id="oc-608">
         <name>.text:SPIFIFODisable</name>
         <load_address>0x2000e576</load_address>
         <run_address>0x2000e576</run_address>
         <size>0x1a</size>
         <input_file_ref idref="fl-16e"/>
      </object_component>
      <object_component id="oc-56e">
         <name>.text:SPIFIFOEnable</name>
         <load_address>0x2000e590</load_address>
         <run_address>0x2000e590</run_address>
         <size>0x1a</size>
         <input_file_ref idref="fl-16e"/>
      </object_component>
      <object_component id="oc-16d">
         <name>.text:ADCFIFORead</name>
         <load_address>0x2000e5aa</load_address>
         <run_address>0x2000e5aa</run_address>
         <size>0x18</size>
         <input_file_ref idref="fl-168"/>
      </object_component>
      <object_component id="oc-424">
         <name>.text:GPIOPinRead</name>
         <load_address>0x2000e5c2</load_address>
         <run_address>0x2000e5c2</run_address>
         <size>0x18</size>
         <input_file_ref idref="fl-169"/>
      </object_component>
      <object_component id="oc-54a">
         <name>.text:SPICSDisable</name>
         <load_address>0x2000e5da</load_address>
         <run_address>0x2000e5da</run_address>
         <size>0x18</size>
         <input_file_ref idref="fl-16e"/>
      </object_component>
      <object_component id="oc-774">
         <name>.text:SPICSEnable</name>
         <load_address>0x2000e5f2</load_address>
         <run_address>0x2000e5f2</run_address>
         <size>0x18</size>
         <input_file_ref idref="fl-16e"/>
      </object_component>
      <object_component id="oc-550">
         <name>.text:SPIDisable</name>
         <load_address>0x2000e60a</load_address>
         <run_address>0x2000e60a</run_address>
         <size>0x18</size>
         <input_file_ref idref="fl-16e"/>
      </object_component>
      <object_component id="oc-586">
         <name>.text:SPIEnable</name>
         <load_address>0x2000e622</load_address>
         <run_address>0x2000e622</run_address>
         <size>0x18</size>
         <input_file_ref idref="fl-16e"/>
      </object_component>
      <object_component id="oc-2ee">
         <name>.text:UARTCharsAvail</name>
         <load_address>0x2000e63a</load_address>
         <run_address>0x2000e63a</run_address>
         <size>0x18</size>
         <input_file_ref idref="fl-170"/>
      </object_component>
      <object_component id="oc-5fd">
         <name>.text:_SlDrvObjUnLock</name>
         <load_address>0x2000e652</load_address>
         <run_address>0x2000e652</run_address>
         <size>0x18</size>
         <input_file_ref idref="fl-162"/>
      </object_component>
      <object_component id="oc-5d0">
         <name>.text:_SlDrvSyncObjSignal</name>
         <load_address>0x2000e66a</load_address>
         <run_address>0x2000e66a</run_address>
         <size>0x18</size>
         <input_file_ref idref="fl-162"/>
      </object_component>
      <object_component id="oc-368">
         <name>.text:_sl_GetStartResponseConvert</name>
         <load_address>0x2000e684</load_address>
         <run_address>0x2000e684</run_address>
         <size>0x18</size>
         <input_file_ref idref="fl-161"/>
      </object_component>
      <object_component id="oc-72">
         <name>.text</name>
         <load_address>0x2000e69c</load_address>
         <run_address>0x2000e69c</run_address>
         <size>0x18</size>
         <input_file_ref idref="fl-149"/>
      </object_component>
      <object_component id="oc-155">
         <name>.text:ADCTimerEnable</name>
         <load_address>0x2000e6b4</load_address>
         <run_address>0x2000e6b4</run_address>
         <size>0x16</size>
         <input_file_ref idref="fl-168"/>
      </object_component>
      <object_component id="oc-49d">
         <name>.text:I2CMasterDataPut</name>
         <load_address>0x2000e6ca</load_address>
         <run_address>0x2000e6ca</run_address>
         <size>0x16</size>
         <input_file_ref idref="fl-16a"/>
      </object_component>
      <object_component id="oc-667">
         <name>.text:I2CMasterEnable</name>
         <load_address>0x2000e6e0</load_address>
         <run_address>0x2000e6e0</run_address>
         <size>0x16</size>
         <input_file_ref idref="fl-16a"/>
      </object_component>
      <object_component id="oc-43f">
         <name>.text:PRCMHIBRegRead</name>
         <load_address>0x2000e6f6</load_address>
         <run_address>0x2000e6f6</run_address>
         <size>0x16</size>
         <input_file_ref idref="fl-16d"/>
      </object_component>
      <object_component id="oc-445">
         <name>.text:PRCMHIBRegWrite</name>
         <load_address>0x2000e70c</load_address>
         <run_address>0x2000e70c</run_address>
         <size>0x16</size>
         <input_file_ref idref="fl-16d"/>
      </object_component>
      <object_component id="oc-53d">
         <name>.text:_SlDrvMemZero</name>
         <load_address>0x2000e722</load_address>
         <run_address>0x2000e722</run_address>
         <size>0x16</size>
         <input_file_ref idref="fl-162"/>
      </object_component>
      <object_component id="oc-516">
         <name>.text</name>
         <load_address>0x2000e738</load_address>
         <run_address>0x2000e738</run_address>
         <size>0x16</size>
         <input_file_ref idref="fl-155"/>
      </object_component>
      <object_component id="oc-15b">
         <name>.text:ADCEnable</name>
         <load_address>0x2000e74e</load_address>
         <run_address>0x2000e74e</run_address>
         <size>0x14</size>
         <input_file_ref idref="fl-168"/>
      </object_component>
      <object_component id="oc-434">
         <name>.text:CPUcpsie</name>
         <load_address>0x2000e762</load_address>
         <run_address>0x2000e762</run_address>
         <size>0x14</size>
         <input_file_ref idref="fl-173"/>
      </object_component>
      <object_component id="oc-412">
         <name>.text:GPIOIntClear</name>
         <load_address>0x2000e776</load_address>
         <run_address>0x2000e776</run_address>
         <size>0x14</size>
         <input_file_ref idref="fl-169"/>
      </object_component>
      <object_component id="oc-229">
         <name>.text:IntVTableBaseSet</name>
         <load_address>0x2000e78c</load_address>
         <run_address>0x2000e78c</run_address>
         <size>0x14</size>
         <input_file_ref idref="fl-16b"/>
      </object_component>
      <object_component id="oc-149">
         <name>.text:PinTypeADC</name>
         <load_address>0x2000e7a0</load_address>
         <run_address>0x2000e7a0</run_address>
         <size>0x14</size>
         <input_file_ref idref="fl-16c"/>
      </object_component>
      <object_component id="oc-27a">
         <name>.text</name>
         <load_address>0x2000e7b4</load_address>
         <run_address>0x2000e7b4</run_address>
         <size>0x14</size>
         <input_file_ref idref="fl-147"/>
      </object_component>
      <object_component id="oc-1a7">
         <name>.text</name>
         <load_address>0x2000e7c8</load_address>
         <run_address>0x2000e7c8</run_address>
         <size>0x14</size>
         <input_file_ref idref="fl-144"/>
      </object_component>
      <object_component id="oc-48b">
         <name>.text:I2CMasterControl</name>
         <load_address>0x2000e7dc</load_address>
         <run_address>0x2000e7dc</run_address>
         <size>0x12</size>
         <input_file_ref idref="fl-16a"/>
      </object_component>
      <object_component id="oc-47f">
         <name>.text:I2CMasterIntClearEx</name>
         <load_address>0x2000e7ee</load_address>
         <run_address>0x2000e7ee</run_address>
         <size>0x12</size>
         <input_file_ref idref="fl-16a"/>
      </object_component>
      <object_component id="oc-485">
         <name>.text:I2CMasterTimeoutSet</name>
         <load_address>0x2000e800</load_address>
         <run_address>0x2000e800</run_address>
         <size>0x12</size>
         <input_file_ref idref="fl-16a"/>
      </object_component>
      <object_component id="oc-4a3">
         <name>.text:I2CMasterDataGet</name>
         <load_address>0x2000e812</load_address>
         <run_address>0x2000e812</run_address>
         <size>0xe</size>
         <input_file_ref idref="fl-16a"/>
      </object_component>
      <object_component id="oc-3a3">
         <name>.text:_SlDrvResetCmdExt</name>
         <load_address>0x2000e820</load_address>
         <run_address>0x2000e820</run_address>
         <size>0xe</size>
         <input_file_ref idref="fl-162"/>
      </object_component>
      <object_component id="oc-12">
         <name>.text:decompress:none</name>
         <load_address>0x2000e82e</load_address>
         <run_address>0x2000e82e</run_address>
         <size>0xe</size>
         <input_file_ref idref="fl-133"/>
      </object_component>
      <object_component id="oc-2d">
         <name>.text</name>
         <load_address>0x2000e83c</load_address>
         <run_address>0x2000e83c</run_address>
         <size>0xe</size>
         <input_file_ref idref="fl-8"/>
      </object_component>
      <object_component id="oc-5b4">
         <name>.text:NwpMaskInterrupt</name>
         <load_address>0x2000e84c</load_address>
         <run_address>0x2000e84c</run_address>
         <size>0xc</size>
         <input_file_ref idref="fl-167"/>
      </object_component>
      <object_component id="oc-5c2">
         <name>.text:NwpUnMaskInterrupt</name>
         <load_address>0x2000e858</load_address>
         <run_address>0x2000e858</run_address>
         <size>0xc</size>
         <input_file_ref idref="fl-167"/>
      </object_component>
      <object_component id="oc-1e">
         <name>.text:decompress:ZI</name>
         <load_address>0x2000e864</load_address>
         <run_address>0x2000e864</run_address>
         <size>0xc</size>
         <input_file_ref idref="fl-135"/>
      </object_component>
      <object_component id="oc-1de">
         <name>.text:sl_WlanDisconnect</name>
         <load_address>0x2000e870</load_address>
         <run_address>0x2000e870</run_address>
         <size>0xc</size>
         <input_file_ref idref="fl-166"/>
      </object_component>
      <object_component id="oc-403">
         <name>.text:sl_WlanSmartConfigStop</name>
         <load_address>0x2000e87c</load_address>
         <run_address>0x2000e87c</run_address>
         <size>0xc</size>
         <input_file_ref idref="fl-166"/>
      </object_component>
      <object_component id="oc-22f">
         <name>.text:IntMasterEnable</name>
         <load_address>0x2000e888</load_address>
         <run_address>0x2000e888</run_address>
         <size>0xa</size>
         <input_file_ref idref="fl-16b"/>
      </object_component>
      <object_component id="oc-221">
         <name>.text:UtilsDelay</name>
         <load_address>0x2000e892</load_address>
         <run_address>0x2000e892</run_address>
         <size>0x6</size>
         <input_file_ref idref="fl-172"/>
      </object_component>
      <object_component id="oc-18">
         <name>.text:decompress:rle24</name>
         <load_address>0x2000e898</load_address>
         <run_address>0x2000e898</run_address>
         <size>0x6</size>
         <input_file_ref idref="fl-134"/>
      </object_component>
      <object_component id="oc-66">
         <name>.text</name>
         <load_address>0x2000e89e</load_address>
         <run_address>0x2000e89e</run_address>
         <size>0x4</size>
         <input_file_ref idref="fl-141"/>
      </object_component>
      <object_component id="oc-6a6">
         <name>.const:.string:_ctypes_</name>
         <load_address>0x2000e8a4</load_address>
         <run_address>0x2000e8a4</run_address>
         <size>0x101</size>
         <input_file_ref idref="fl-14d"/>
      </object_component>
      <object_component id="oc-4b1">
         <name>.const:g_ulPinToPadMap</name>
         <load_address>0x2000e9a8</load_address>
         <run_address>0x2000e9a8</run_address>
         <size>0x100</size>
         <input_file_ref idref="fl-16c"/>
      </object_component>
      <object_component id="oc-62d">
         <name>.const:g_pulRegs</name>
         <load_address>0x2000eaa8</load_address>
         <run_address>0x2000eaa8</run_address>
         <size>0xd4</size>
         <input_file_ref idref="fl-16b"/>
      </object_component>
      <object_component id="oc-2d1">
         <name>.const:PRCM_PeriphRegsList</name>
         <load_address>0x2000eb7c</load_address>
         <run_address>0x2000eb7c</run_address>
         <size>0xa8</size>
         <input_file_ref idref="fl-16d"/>
      </object_component>
      <object_component id="oc-43b">
         <name>.const</name>
         <load_address>0x2000ec24</load_address>
         <run_address>0x2000ec24</run_address>
         <size>0x80</size>
         <input_file_ref idref="fl-16b"/>
      </object_component>
      <object_component id="oc-76a">
         <name>.const:OpcodeTranslateTable</name>
         <load_address>0x2000eca4</load_address>
         <run_address>0x2000eca4</run_address>
         <size>0x3c</size>
         <input_file_ref idref="fl-162"/>
      </object_component>
      <object_component id="oc-384">
         <name>.const</name>
         <load_address>0x2000ece0</load_address>
         <run_address>0x2000ece0</run_address>
         <size>0x3c</size>
         <input_file_ref idref="fl-166"/>
      </object_component>
      <object_component id="oc-7cd">
         <name>.const:_SlActionLookupTable</name>
         <load_address>0x2000ed1c</load_address>
         <run_address>0x2000ed1c</run_address>
         <size>0x38</size>
         <input_file_ref idref="fl-162"/>
      </object_component>
      <object_component id="oc-619">
         <name>.const</name>
         <load_address>0x2000ed54</load_address>
         <run_address>0x2000ed54</run_address>
         <size>0x34</size>
         <input_file_ref idref="fl-162"/>
      </object_component>
      <object_component id="oc-1f6">
         <name>.const:$P$T1$2</name>
         <load_address>0x2000ed88</load_address>
         <run_address>0x2000ed88</run_address>
         <size>0x2c</size>
         <input_file_ref idref="fl-5"/>
      </object_component>
      <object_component id="oc-3d0">
         <name>.const</name>
         <load_address>0x2000edb4</load_address>
         <run_address>0x2000edb4</run_address>
         <size>0x28</size>
         <input_file_ref idref="fl-163"/>
      </object_component>
      <object_component id="oc-409">
         <name>.const:.string</name>
         <load_address>0x2000eddc</load_address>
         <run_address>0x2000eddc</run_address>
         <size>0x23</size>
         <input_file_ref idref="fl-7"/>
      </object_component>
      <object_component id="oc-202">
         <name>.const:.string:$P$T0$1</name>
         <load_address>0x2000edff</load_address>
         <run_address>0x2000edff</run_address>
         <size>0x22</size>
         <input_file_ref idref="fl-5"/>
      </object_component>
      <object_component id="oc-222">
         <name>.const:.string</name>
         <load_address>0x2000ee21</load_address>
         <run_address>0x2000ee21</run_address>
[...]
         <name>osi_TaskEnable</name>
         <value>0x20008fd7</value>
         <object_component_ref idref="oc-215"/>
      </symbol>
      <symbol id="sm-1276">
         <name>osi_TaskDelete</name>
         <value>0x20008d37</value>
         <object_component_ref idref="oc-215"/>
      </symbol>
      <symbol id="sm-1277">
         <name>xHigherPriorityTaskWoken</name>
         <value>0x2001f578</value>
         <object_component_ref idref="oc-3f9"/>
      </symbol>
      <symbol id="sm-1278">
         <name>osi_InterruptRegister</name>
         <value>0x20008ba1</value>
         <object_component_ref idref="oc-215"/>
      </symbol>
      <symbol id="sm-1279">
         <name>mem_set</name>
         <value>0x20008f79</value>
         <object_component_ref idref="oc-215"/>
      </symbol>
      <symbol id="sm-127a">
         <name>osi_LockObjCreate</name>
         <value>0x20008cd1</value>
         <object_component_ref idref="oc-215"/>
      </symbol>
      <symbol id="sm-127b">
         <name>osi_SyncObjSignal</name>
         <value>0x20008c23</value>
         <object_component_ref idref="oc-215"/>
      </symbol>
      <symbol id="sm-127c">
         <name>mem_Malloc</name>
         <value>0x20008f61</value>
         <object_component_ref idref="oc-215"/>
      </symbol>
      <symbol id="sm-127d">
         <name>osi_SyncObjCreate</name>
         <value>0x20008bd9</value>
         <object_component_ref idref="oc-215"/>
      </symbol>
      <symbol id="sm-127e">
         <name>osi_SyncObjWait</name>
         <value>0x20008c83</value>
         <object_component_ref idref="oc-215"/>
      </symbol>
      <symbol id="sm-127f">
         <name>osi_SyncObjSignalFromISR</name>
         <value>0x20008c4b</value>
         <object_component_ref idref="oc-215"/>
      </symbol>
      <symbol id="sm-1280">
         <name>osi_ContextRestore</name>
         <value>0x20008fe3</value>
         <object_component_ref idref="oc-215"/>
      </symbol>
      <symbol id="sm-1281">
         <name>osi_start</name>
         <value>0x20008fb5</value>
         <object_component_ref idref="oc-215"/>
      </symbol>
      <symbol id="sm-1282">
         <name>osi_EnterCritical</name>
         <value>0x20008fa1</value>
         <object_component_ref idref="oc-215"/>
      </symbol>
      <symbol id="sm-1283">
         <name>osi_TaskCreate</name>
         <value>0x20008cf7</value>
         <object_component_ref idref="oc-215"/>
      </symbol>
      <symbol id="sm-1284">
         <name>osi_MsgQRead</name>
         <value>0x20008f25</value>
         <object_component_ref idref="oc-215"/>
      </symbol>
      <symbol id="sm-1285">
         <name>osi_MsgQCreate</name>
         <value>0x20008e95</value>
         <object_component_ref idref="oc-215"/>
      </symbol>
      <symbol id="sm-1286">
         <name>osi_ExitCritical</name>
         <value>0x20008fab</value>
         <object_component_ref idref="oc-215"/>
      </symbol>
      <symbol id="sm-1287">
         <name>osi_LockObjLock</name>
         <value>0x20008d55</value>
         <object_component_ref idref="oc-215"/>
      </symbol>
      <symbol id="sm-1288">
         <name>VDeleteSimpleLinkSpawnTask</name>
         <value>0x20008e69</value>
         <object_component_ref idref="oc-215"/>
      </symbol>
      <symbol id="sm-1289">
         <name>osi_SyncObjClear</name>
         <value>0x20008caf</value>
         <object_component_ref idref="oc-215"/>
      </symbol>
      <symbol id="sm-128a">
         <name>VStartSimpleLinkSpawnTask</name>
         <value>0x20008e19</value>
         <object_component_ref idref="oc-215"/>
      </symbol>
      <symbol id="sm-128b">
         <name>osi_MsgQWrite</name>
         <value>0x20008ef3</value>
         <object_component_ref idref="oc-215"/>
      </symbol>
      <symbol id="sm-128c">
         <name>osi_Sleep</name>
         <value>0x20008fbd</value>
         <object_component_ref idref="oc-215"/>
      </symbol>
      <symbol id="sm-128d">
         <name>osi_SyncObjDelete</name>
         <value>0x20008c09</value>
         <object_component_ref idref="oc-215"/>
      </symbol>
      <symbol id="sm-128e">
         <name>osi_TaskDisable</name>
         <value>0x20008fcd</value>
         <object_component_ref idref="oc-215"/>
      </symbol>
      <symbol id="sm-128f">
         <name>osi_Spawn</name>
         <value>0x20008dab</value>
         <object_component_ref idref="oc-215"/>
      </symbol>
      <symbol id="sm-1290">
         <name>mem_Free</name>
         <value>0x20008f6d</value>
         <object_component_ref idref="oc-215"/>
      </symbol>
      <symbol id="sm-1291">
         <name>osi_ContextSave</name>
         <value>0x20008fe1</value>
         <object_component_ref idref="oc-215"/>
      </symbol>
      <symbol id="sm-1292">
         <name>xSimpleLinkSpawnQueue</name>
         <value>0x2001f57c</value>
         <object_component_ref idref="oc-3f9"/>
      </symbol>
      <symbol id="sm-1293">
         <name>xSimpleLinkSpawnTaskHndl</name>
         <value>0x2001f580</value>
         <object_component_ref idref="oc-3f9"/>
      </symbol>
      <symbol id="sm-12bb">
         <name>vPortSetupTimerInterrupt</name>
         <value>0x2000b055</value>
         <object_component_ref idref="oc-38"/>
      </symbol>
      <symbol id="sm-12bc">
         <name>vPortEndScheduler</name>
         <value>0x2000aff5</value>
         <object_component_ref idref="oc-38"/>
      </symbol>
      <symbol id="sm-12bd">
         <name>vPortYield</name>
         <value>0x2000aff7</value>
         <object_component_ref idref="oc-38"/>
      </symbol>
      <symbol id="sm-12be">
         <name>xPortSysTickHandler</name>
         <value>0x2000b039</value>
         <object_component_ref idref="oc-38"/>
      </symbol>
      <symbol id="sm-12bf">
         <name>pxPortInitialiseStack</name>
         <value>0x2000af79</value>
         <object_component_ref idref="oc-38"/>
      </symbol>
      <symbol id="sm-12c0">
         <name>vPortExitCritical</name>
         <value>0x2000b021</value>
         <object_component_ref idref="oc-38"/>
      </symbol>
      <symbol id="sm-12c1">
         <name>xPortStartScheduler</name>
         <value>0x2000afc9</value>
         <object_component_ref idref="oc-38"/>
      </symbol>
      <symbol id="sm-12c2">
         <name>vPortEnterCritical</name>
         <value>0x2000b009</value>
         <object_component_ref idref="oc-38"/>
      </symbol>
      <symbol id="sm-12d3">
         <name>portCLZ</name>
         <value>0x2000bd61</value>
         <object_component_ref idref="oc-33"/>
      </symbol>
      <symbol id="sm-12d4">
         <name>xPortPendSVHandler</name>
         <value>0x2000bcd5</value>
         <object_component_ref idref="oc-33"/>
      </symbol>
      <symbol id="sm-12d5">
         <name>vPortClearInterruptMask</name>
         <value>0x2000bcc7</value>
         <object_component_ref idref="oc-33"/>
      </symbol>
      <symbol id="sm-12d6">
         <name>ulPortSetInterruptMask</name>
         <value>0x2000bcb1</value>
         <object_component_ref idref="oc-33"/>
      </symbol>
      <symbol id="sm-12d7">
         <name>prvPortStartFirstTask</name>
         <value>0x2000bd49</value>
         <object_component_ref idref="oc-33"/>
      </symbol>
      <symbol id="sm-12d8">
         <name>vPortSVCHandler</name>
         <value>0x2000bd21</value>
         <object_component_ref idref="oc-33"/>
      </symbol>
      <symbol id="sm-1387">
         <name>xQueuePeekFromISR</name>
         <value>0x20008141</value>
         <object_component_ref idref="oc-3f3"/>
      </symbol>
      <symbol id="sm-1388">
         <name>xQueueIsQueueEmptyFromISR</name>
         <value>0x200083c7</value>
         <object_component_ref idref="oc-3f3"/>
      </symbol>
      <symbol id="sm-1389">
         <name>xQueueGenericSendFromISR</name>
         <value>0x20007eeb</value>
         <object_component_ref idref="oc-3f3"/>
      </symbol>
      <symbol id="sm-138a">
         <name>uxQueueMessagesWaiting</name>
         <value>0x20008185</value>
         <object_component_ref idref="oc-3f3"/>
      </symbol>
      <symbol id="sm-138b">
         <name>vQueueAddToRegistry</name>
         <value>0x2000842b</value>
         <object_component_ref idref="oc-3f3"/>
      </symbol>
      <symbol id="sm-138c">
         <name>xQueueIsQueueFullFromISR</name>
         <value>0x20008409</value>
         <object_component_ref idref="oc-3f3"/>
      </symbol>
      <symbol id="sm-138d">
         <name>xQueueSelectFromSet</name>
         <value>0x20008531</value>
         <object_component_ref idref="oc-3f3"/>
      </symbol>
      <symbol id="sm-138e">
         <name>xQueueGenericCreate</name>
         <value>0x20007b21</value>
         <object_component_ref idref="oc-3f3"/>
      </symbol>
      <symbol id="sm-138f">
         <name>xQueueSelectFromSetFromISR</name>
         <value>0x2000854b</value>
         <object_component_ref idref="oc-3f3"/>
      </symbol>
      <symbol id="sm-1390">
         <name>xQueueCreateMutex</name>
         <value>0x20007b97</value>
         <object_component_ref idref="oc-3f3"/>
      </symbol>
      <symbol id="sm-1391">
         <name>vQueueSetQueueNumber</name>
         <value>0x200081ff</value>
         <object_component_ref idref="oc-3f3"/>
      </symbol>
      <symbol id="sm-1392">
         <name>xQueueGenericSend</name>
         <value>0x20007c35</value>
         <object_component_ref idref="oc-3f3"/>
      </symbol>
      <symbol id="sm-1393">
         <name>xQueueGenericReset</name>
         <value>0x20007a91</value>
         <object_component_ref idref="oc-3f3"/>
      </symbol>
      <symbol id="sm-1394">
         <name>xQueueReceiveFromISR</name>
         <value>0x200080c9</value>
         <object_component_ref idref="oc-3f3"/>
      </symbol>
      <symbol id="sm-1395">
         <name>uxQueueSpacesAvailable</name>
         <value>0x2000819b</value>
         <object_component_ref idref="oc-3f3"/>
      </symbol>
      <symbol id="sm-1396">
         <name>xQueueRegistry</name>
         <value>0x2001f290</value>
         <object_component_ref idref="oc-639"/>
      </symbol>
      <symbol id="sm-1397">
         <name>vQueueUnregisterQueue</name>
         <value>0x2000846d</value>
         <object_component_ref idref="oc-3f3"/>
      </symbol>
      <symbol id="sm-1398">
         <name>xQueueAltGenericReceive</name>
         <value>0x20007ded</value>
         <object_component_ref idref="oc-3f3"/>
      </symbol>
      <symbol id="sm-1399">
         <name>uxQueueMessagesWaitingFromISR</name>
         <value>0x200081bb</value>
         <object_component_ref idref="oc-3f3"/>
      </symbol>
      <symbol id="sm-139a">
         <name>uxQueueGetQueueNumber</name>
         <value>0x200081f1</value>
         <object_component_ref idref="oc-3f3"/>
      </symbol>
      <symbol id="sm-139b">
         <name>xQueueGenericReceive</name>
         <value>0x20007f87</value>
         <object_component_ref idref="oc-3f3"/>
      </symbol>
      <symbol id="sm-139c">
         <name>xQueueCreateCountingSemaphore</name>
         <value>0x20007c15</value>
         <object_component_ref idref="oc-3f3"/>
      </symbol>
      <symbol id="sm-139d">
         <name>vQueueDelete</name>
         <value>0x200081cd</value>
         <object_component_ref idref="oc-3f3"/>
      </symbol>
      <symbol id="sm-139e">
         <name>xQueueAddToSet</name>
         <value>0x200084bb</value>
         <object_component_ref idref="oc-3f3"/>
      </symbol>
      <symbol id="sm-139f">
         <name>xQueueAltGenericSend</name>
         <value>0x20007d41</value>
         <object_component_ref idref="oc-3f3"/>
      </symbol>
      <symbol id="sm-13a0">
         <name>xQueueCreateSet</name>
         <value>0x200084a7</value>
         <object_component_ref idref="oc-3f3"/>
      </symbol>
      <symbol id="sm-13a1">
         <name>xQueueRemoveFromSet</name>
         <value>0x200084ef</value>
         <object_component_ref idref="oc-3f3"/>
      </symbol>
      <symbol id="sm-13a2">
         <name>ucQueueGetQueueType</name>
         <value>0x20008211</value>
         <object_component_ref idref="oc-3f3"/>
      </symbol>
      <symbol id="sm-1515">
         <name>vTaskDelay</name>
         <value>0x200059c7</value>
         <object_component_ref idref="oc-87"/>
      </symbol>
      <symbol id="sm-1516">
         <name>vTaskSuspendAll</name>
         <value>0x20005e2b</value>
         <object_component_ref idref="oc-87"/>
      </symbol>
      <symbol id="sm-1517">
         <name>vTaskPriorityInherit</name>
         <value>0x2000686d</value>
         <object_component_ref idref="oc-87"/>
      </symbol>
      <symbol id="sm-1518">
         <name>vTaskPlaceOnEventList</name>
         <value>0x200061e1</value>
         <object_component_ref idref="oc-87"/>
      </symbol>
      <symbol id="sm-1519">
         <name>vTaskSetTaskNumber</name>
         <value>0x20006479</value>
         <object_component_ref idref="oc-87"/>
      </symbol>
      <symbol id="sm-151a">
         <name>xTaskCheckForTimeOut</name>
         <value>0x200063d1</value>
         <object_component_ref idref="oc-87"/>
      </symbol>
      <symbol id="sm-151b">
         <name>xTaskRemoveFromUnorderedEventList</name>
         <value>0x2000633d</value>
         <object_component_ref idref="oc-87"/>
      </symbol>
      <symbol id="sm-151c">
         <name>vTaskPrioritySet</name>
         <value>0x20005ae9</value>
         <object_component_ref idref="oc-87"/>
      </symbol>
      <symbol id="sm-151d">
         <name>vTaskStartScheduler</name>
         <value>0x20005dcf</value>
         <object_component_ref idref="oc-87"/>
      </symbol>
      <symbol id="sm-151e">
         <name>pcTaskGetTaskName</name>
         <value>0x20005f41</value>
         <object_component_ref idref="oc-87"/>
      </symbol>
      <symbol id="sm-151f">
         <name>vTaskPriorityDisinherit</name>
         <value>0x20006927</value>
         <object_component_ref idref="oc-87"/>
      </symbol>
      <symbol id="sm-1520">
         <name>vTaskDelayUntil</name>
         <value>0x2000592b</value>
         <object_component_ref idref="oc-87"/>
      </symbol>
      <symbol id="sm-1521">
         <name>uxTaskGetTaskNumber</name>
         <value>0x20006459</value>
         <object_component_ref idref="oc-87"/>
      </symbol>
      <symbol id="sm-1522">
         <name>vTaskEndScheduler</name>
         <value>0x20005e19</value>
         <object_component_ref idref="oc-87"/>
      </symbol>
      <symbol id="sm-1523">
         <name>vTaskMissedYield</name>
         <value>0x2000644b</value>
         <object_component_ref idref="oc-87"/>
      </symbol>
      <symbol id="sm-1524">
         <name>uxTaskGetNumberOfTasks</name>
         <value>0x20005f35</value>
         <object_component_ref idref="oc-87"/>
      </symbol>
      <symbol id="sm-1525">
         <name>uxTaskPriorityGet</name>
         <value>0x20005ab1</value>
         <object_component_ref idref="oc-87"/>
      </symbol>
      <symbol id="sm-1526">
         <name>xTaskResumeAll</name>
         <value>0x20005e3d</value>
         <object_component_ref idref="oc-87"/>
      </symbol>
      <symbol id="sm-1527">
         <name>xTaskGetTickCount</name>
         <value>0x20005f09</value>
         <object_component_ref idref="oc-87"/>
      </symbol>
      <symbol id="sm-1528">
         <name>xTaskGenericCreate</name>
         <value>0x2000578d</value>
         <object_component_ref idref="oc-87"/>
      </symbol>
      <symbol id="sm-1529">
         <name>uxTaskGetSystemState</name>
         <value>0x20005f65</value>
         <object_component_ref idref="oc-87"/>
      </symbol>
      <symbol id="sm-152a">
         <name>vTaskDelete</name>
         <value>0x2000589b</value>
         <object_component_ref idref="oc-87"/>
      </symbol>
      <symbol id="sm-152b">
         <name>pxCurrentTCB</name>
         <value>0x2001f524</value>
         <object_component_ref idref="oc-8d"/>
      </symbol>
      <symbol id="sm-152c">
         <name>eTaskGetState</name>
         <value>0x20005a1d</value>
         <object_component_ref idref="oc-87"/>
      </symbol>
      <symbol id="sm-152d">
         <name>vTaskSuspend</name>
         <value>0x20005bed</value>
         <object_component_ref idref="oc-87"/>
      </symbol>
      <symbol id="sm-152e">
         <name>xTaskGetIdleTaskHandle</name>
         <value>0x20006023</value>
         <object_component_ref idref="oc-87"/>
      </symbol>
      <symbol id="sm-152f">
         <name>xTaskGetTickCountFromISR</name>
         <value>0x20005f1d</value>
         <object_component_ref idref="oc-87"/>
      </symbol>
      <symbol id="sm-1530">
         <name>vTaskResume</name>
         <value>0x20005ce1</value>
         <object_component_ref idref="oc-87"/>
      </symbol>
      <symbol id="sm-1531">
         <name>vTaskSetTimeOutState</name>
         <value>0x200063ab</value>
         <object_component_ref idref="oc-87"/>
      </symbol>
      <symbol id="sm-1532">
         <name>xTaskIncrementTick</name>
         <value>0x2000603d</value>
         <object_component_ref idref="oc-87"/>
      </symbol>
      <symbol id="sm-1533">
         <name>vTaskSwitchContext</name>
         <value>0x20006161</value>
         <object_component_ref idref="oc-87"/>
      </symbol>
      <symbol id="sm-1534">
         <name>uxTaskResetEventItemValue</name>
         <value>0x200069b1</value>
         <object_component_ref idref="oc-87"/>
      </symbol>
      <symbol id="sm-1535">
         <name>xTaskGetSchedulerState</name>
         <value>0x20006835</value>
         <object_component_ref idref="oc-87"/>
      </symbol>
      <symbol id="sm-1536">
         <name>xTaskResumeFromISR</name>
         <value>0x20005d55</value>
         <object_component_ref idref="oc-87"/>
      </symbol>
      <symbol id="sm-1537">
         <name>xTaskGetCurrentTaskHandle</name>
         <value>0x20006821</value>
         <object_component_ref idref="oc-87"/>
      </symbol>
      <symbol id="sm-1538">
         <name>vTaskPlaceOnUnorderedEventList</name>
         <value>0x20006245</value>
         <object_component_ref idref="oc-87"/>
      </symbol>
      <symbol id="sm-1539">
         <name>xTaskRemoveFromEventList</name>
         <value>0x200062b9</value>
         <object_component_ref idref="oc-87"/>
      </symbol>
      <symbol id="sm-1549">
         <name>pvPortMalloc</name>
         <value>0x2000dcb5</value>
         <object_component_ref idref="oc-f2"/>
      </symbol>
      <symbol id="sm-154a">
         <name>vPortFree</name>
         <value>0x2000dcd5</value>
         <object_component_ref idref="oc-f2"/>
      </symbol>
      <symbol id="sm-1560">
         <name>uxListRemove</name>
         <value>0x2000af2f</value>
         <object_component_ref idref="oc-e2"/>
      </symbol>
      <symbol id="sm-1561">
         <name>vListInsert</name>
         <value>0x2000aec9</value>
         <object_component_ref idref="oc-e2"/>
      </symbol>
      <symbol id="sm-1562">
         <name>vListInitialiseItem</name>
         <value>0x2000ae7d</value>
         <object_component_ref idref="oc-e2"/>
      </symbol>
      <symbol id="sm-1563">
         <name>vListInsertEnd</name>
         <value>0x2000ae8d</value>
         <object_component_ref idref="oc-e2"/>
      </symbol>
      <symbol id="sm-1564">
         <name>vListInitialise</name>
         <value>0x2000ae4d</value>
         <object_component_ref idref="oc-e2"/>
      </symbol>
      <symbol id="sm-1565">
         <name>__TI_static_base__</name>
         <value>0x2000ee98</value>
      </symbol>
      <symbol id="sm-1568">
         <name>SHT$$INIT_ARRAY$$Limit</name>
         <value>0x0</value>
      </symbol>
      <symbol id="sm-1569">
         <name>SHT$$INIT_ARRAY$$Base</name>
         <value>0x0</value>
      </symbol>
   </symbol_table>
   <title>Link successful</title>
</link_info>
